Archive member included to satisfy reference by file (symbol)

/Applications/MCUXpressoIDE_11.1.0_3209/ide/plugins/com.nxp.mcuxpresso.tools.macosx_11.1.0.201909161352/tools/bin/../lib/gcc/arm-none-eabi/8.3.1/../../../../arm-none-eabi/lib/thumb/v6-m/nofp/libcr_semihost.a(_cr__main.o)
                              ./startup/startup_lpc802.o (__main)
/Applications/MCUXpressoIDE_11.1.0_3209/ide/plugins/com.nxp.mcuxpresso.tools.macosx_11.1.0.201909161352/tools/bin/../lib/gcc/arm-none-eabi/8.3.1/../../../../arm-none-eabi/lib/thumb/v6-m/nofp/libcr_semihost.a(_cr_assert.o)
                              ./drivers/fsl_clock.o (__assertion_failed)
/Applications/MCUXpressoIDE_11.1.0_3209/ide/plugins/com.nxp.mcuxpresso.tools.macosx_11.1.0.201909161352/tools/bin/../lib/gcc/arm-none-eabi/8.3.1/../../../../arm-none-eabi/lib/thumb/v6-m/nofp/libcr_semihost.a(__ciob.o)
                              /Applications/MCUXpressoIDE_11.1.0_3209/ide/plugins/com.nxp.mcuxpresso.tools.macosx_11.1.0.201909161352/tools/bin/../lib/gcc/arm-none-eabi/8.3.1/../../../../arm-none-eabi/lib/thumb/v6-m/nofp/libcr_semihost.a(_cr_assert.o) (__Ciob)
/Applications/MCUXpressoIDE_11.1.0_3209/ide/plugins/com.nxp.mcuxpresso.tools.macosx_11.1.0.201909161352/tools/bin/../lib/gcc/arm-none-eabi/8.3.1/../../../../arm-none-eabi/lib/thumb/v6-m/nofp/libcr_semihost.a(__sys_appexit.o)
                              /Applications/MCUXpressoIDE_11.1.0_3209/ide/plugins/com.nxp.mcuxpresso.tools.macosx_11.1.0.201909161352/tools/bin/../lib/gcc/arm-none-eabi/8.3.1/../../../../arm-none-eabi/lib/thumb/v6-m/nofp/libcr_semihost.a(_cr_assert.o) (__sys_appexit)
/Applications/MCUXpressoIDE_11.1.0_3209/ide/plugins/com.nxp.mcuxpresso.tools.macosx_11.1.0.201909161352/tools/bin/../lib/gcc/arm-none-eabi/8.3.1/../../../../arm-none-eabi/lib/thumb/v6-m/nofp/libcr_c.a(memcpy.o)
                              ./source/EECS3215_Project.o (memcpy)
/Applications/MCUXpressoIDE_11.1.0_3209/ide/plugins/com.nxp.mcuxpresso.tools.macosx_11.1.0.201909161352/tools/bin/../lib/gcc/arm-none-eabi/8.3.1/../../../../arm-none-eabi/lib/thumb/v6-m/nofp/libcr_c.a(memset.o)
                              ./drivers/fsl_usart.o (memset)
/Applications/MCUXpressoIDE_11.1.0_3209/ide/plugins/com.nxp.mcuxpresso.tools.macosx_11.1.0.201909161352/tools/bin/../lib/gcc/arm-none-eabi/8.3.1/../../../../arm-none-eabi/lib/thumb/v6-m/nofp/libcr_c.a(_deferredlazyseek.o)
                              /Applications/MCUXpressoIDE_11.1.0_3209/ide/plugins/com.nxp.mcuxpresso.tools.macosx_11.1.0.201909161352/tools/bin/../lib/gcc/arm-none-eabi/8.3.1/../../../../arm-none-eabi/lib/thumb/v6-m/nofp/libcr_semihost.a(_cr_assert.o) (__flsbuf)
/Applications/MCUXpressoIDE_11.1.0_3209/ide/plugins/com.nxp.mcuxpresso.tools.macosx_11.1.0.201909161352/tools/bin/../lib/gcc/arm-none-eabi/8.3.1/../../../../arm-none-eabi/lib/thumb/v6-m/nofp/libcr_c.a(_fflush.o)
                              /Applications/MCUXpressoIDE_11.1.0_3209/ide/plugins/com.nxp.mcuxpresso.tools.macosx_11.1.0.201909161352/tools/bin/../lib/gcc/arm-none-eabi/8.3.1/../../../../arm-none-eabi/lib/thumb/v6-m/nofp/libcr_c.a(_deferredlazyseek.o) (_fflush)
/Applications/MCUXpressoIDE_11.1.0_3209/ide/plugins/com.nxp.mcuxpresso.tools.macosx_11.1.0.201909161352/tools/bin/../lib/gcc/arm-none-eabi/8.3.1/../../../../arm-none-eabi/lib/thumb/v6-m/nofp/libcr_c.a(_writebuf.o)
                              /Applications/MCUXpressoIDE_11.1.0_3209/ide/plugins/com.nxp.mcuxpresso.tools.macosx_11.1.0.201909161352/tools/bin/../lib/gcc/arm-none-eabi/8.3.1/../../../../arm-none-eabi/lib/thumb/v6-m/nofp/libcr_c.a(_deferredlazyseek.o) (_Cwritebuf)
/Applications/MCUXpressoIDE_11.1.0_3209/ide/plugins/com.nxp.mcuxpresso.tools.macosx_11.1.0.201909161352/tools/bin/../lib/gcc/arm-none-eabi/8.3.1/../../../../arm-none-eabi/lib/thumb/v6-m/nofp/libcr_c.a(alloc.o)
                              ./drivers/fsl_common.o (malloc)
/Applications/MCUXpressoIDE_11.1.0_3209/ide/plugins/com.nxp.mcuxpresso.tools.macosx_11.1.0.201909161352/tools/bin/../lib/gcc/arm-none-eabi/8.3.1/../../../../arm-none-eabi/lib/thumb/v6-m/nofp/libcr_c.a(fputs.o)
                              /Applications/MCUXpressoIDE_11.1.0_3209/ide/plugins/com.nxp.mcuxpresso.tools.macosx_11.1.0.201909161352/tools/bin/../lib/gcc/arm-none-eabi/8.3.1/../../../../arm-none-eabi/lib/thumb/v6-m/nofp/libcr_semihost.a(_cr_assert.o) (fputs)
/Applications/MCUXpressoIDE_11.1.0_3209/ide/plugins/com.nxp.mcuxpresso.tools.macosx_11.1.0.201909161352/tools/bin/../lib/gcc/arm-none-eabi/8.3.1/../../../../arm-none-eabi/lib/thumb/v6-m/nofp/libcr_c.a(fseek.o)
                              /Applications/MCUXpressoIDE_11.1.0_3209/ide/plugins/com.nxp.mcuxpresso.tools.macosx_11.1.0.201909161352/tools/bin/../lib/gcc/arm-none-eabi/8.3.1/../../../../arm-none-eabi/lib/thumb/v6-m/nofp/libcr_c.a(_deferredlazyseek.o) (fseek)
[...]
Memory Configuration

Name             Origin             Length             Attributes
PROGRAM_FLASH    0x0000000000000000 0x0000000000003f80 xr
BOOT_FLASH       0x0000000000003f80 0x0000000000000080 xr
SRAM             0x0000000010000000 0x00000000000007e0 xrw
IAP_SRAM         0x00000000100007e0 0x0000000000000020 xrw
*default*        0x0000000000000000 0xffffffffffffffff

Linker script and memory map

LOAD ./utilities/fsl_debug_console.o
LOAD ./startup/startup_lpc802.o
LOAD ./source/EECS3215_Project.o
LOAD ./source/PIDController.o
LOAD ./source/semihost_hardfault.o
LOAD ./drivers/fsl_clock.o
LOAD ./drivers/fsl_common.o
LOAD ./drivers/fsl_gpio.o
LOAD ./drivers/fsl_power.o
LOAD ./drivers/fsl_reset.o
LOAD ./drivers/fsl_swm.o
LOAD ./drivers/fsl_usart.o
LOAD ./device/system_LPC802.o
LOAD ./component/uart/miniusart_adapter.o
LOAD ./board/board.o
LOAD ./board/clock_config.o
LOAD ./board/peripherals.o
LOAD ./board/pin_mux.o
START GROUP
LOAD /Applications/MCUXpressoIDE_11.1.0_3209/ide/plugins/com.nxp.mcuxpresso.tools.macosx_11.1.0.201909161352/tools/bin/../lib/gcc/arm-none-eabi/8.3.1/../../../../arm-none-eabi/lib/thumb/v6-m/nofp/libcr_semihost.a
LOAD /Applications/MCUXpressoIDE_11.1.0_3209/ide/plugins/com.nxp.mcuxpresso.tools.macosx_11.1.0.201909161352/tools/bin/../lib/gcc/arm-none-eabi/8.3.1/../../../../arm-none-eabi/lib/thumb/v6-m/nofp/libcr_c.a
LOAD /Applications/MCUXpressoIDE_11.1.0_3209/ide/plugins/com.nxp.mcuxpresso.tools.macosx_11.1.0.201909161352/tools/bin/../lib/gcc/arm-none-eabi/8.3.1/thumb/v6-m/nofp/libcr_eabihelpers.a
LOAD /Applications/MCUXpressoIDE_11.1.0_3209/ide/plugins/com.nxp.mcuxpresso.tools.macosx_11.1.0.201909161352/tools/bin/../lib/gcc/arm-none-eabi/8.3.1/thumb/v6-m/nofp/libgcc.a
END GROUP
                0x0000000000000000                __base_PROGRAM_FLASH = 0x0
                0x0000000000000000                __base_Flash = 0x0
                0x0000000000003f80                __top_PROGRAM_FLASH = 0x3f80
                0x0000000000003f80                __top_Flash = 0x3f80
                0x0000000000003f80                __base_BOOT_FLASH = 0x3f80
                0x0000000000003f80                __base_Flash2 = 0x3f80
                0x0000000000004000                __top_BOOT_FLASH = 0x4000
                0x0000000000004000                __top_Flash2 = 0x4000
                0x0000000010000000                __base_SRAM = 0x10000000
                0x0000000010000000                __base_RAM = 0x10000000
                0x00000000100007e0                __top_SRAM = 0x100007e0
                0x00000000100007e0                __top_RAM = 0x100007e0
                0x00000000100007e0                __base_IAP_SRAM = 0x100007e0
                0x00000000100007e0                __base_RAM2 = 0x100007e0
                0x0000000010000800                __top_IAP_SRAM = 0x10000800
                0x0000000010000800                __top_RAM2 = 0x10000800

.text_Flash2    0x0000000000003f80        0x0
 FILL mask 0xff
 *(SORT_BY_ALIGNMENT(.text_Flash2))
 *(SORT_BY_ALIGNMENT(.text_BOOT_FLASH))
 *(SORT_BY_ALIGNMENT(.text.$Flash2))
 *(SORT_BY_ALIGNMENT(.text.$BOOT_FLASH))
 *(SORT_BY_ALIGNMENT(.text_Flash2.*))
 *(SORT_BY_ALIGNMENT(.text_BOOT_FLASH.*))
 *(SORT_BY_ALIGNMENT(.text.$Flash2.*))
 *(SORT_BY_ALIGNMENT(.text.$BOOT_FLASH.*))
 *(SORT_BY_ALIGNMENT(.rodata.$Flash2))
 *(SORT_BY_ALIGNMENT(.rodata.$BOOT_FLASH))
 *(SORT_BY_ALIGNMENT(.rodata.$Flash2.*))
 *(SORT_BY_ALIGNMENT(.rodata.$BOOT_FLASH.*))

.text           0x0000000000000000     0x2300
 FILL mask 0xff
                0x0000000000000000                __vectors_start__ = ABSOLUTE (.)
 *(SORT_BY_ALIGNMENT(.isr_vector))
 .isr_vector    0x0000000000000000       0xc0 ./startup/startup_lpc802.o
                0x0000000000000000                __Vectors
                0x0000000000000000                g_pfnVectors
                0x00000000000000c0                . = ALIGN (0x4)
                0x00000000000000c0                __section_table_start = .
                0x00000000000000c0                __data_section_table = .
                0x00000000000000c0        0x4 LONG 0x2300 LOADADDR (.data)
                0x00000000000000c4        0x4 LONG 0x10000000 ADDR (.data)
                0x00000000000000c8        0x4 LONG 0xc SIZEOF (.data)
                0x00000000000000cc        0x4 LONG 0x2300 LOADADDR (.data_RAM2)
                0x00000000000000d0        0x4 LONG 0x100007e0 ADDR (.data_RAM2)
                0x00000000000000d4        0x4 LONG 0x0 SIZEOF (.data_RAM2)
                0x00000000000000d8                __data_section_table_end = .
                0x00000000000000d8                __bss_section_table = .
                0x00000000000000d8        0x4 LONG 0x10000010 ADDR (.bss)
                0x00000000000000dc        0x4 LONG 0x250 SIZEOF (.bss)
                0x00000000000000e0        0x4 LONG 0x100007e0 ADDR (.bss_RAM2)
                0x00000000000000e4        0x4 LONG 0x0 SIZEOF (.bss_RAM2)
                0x00000000000000e8                __bss_section_table_end = .
                0x00000000000000e8                __section_table_end = .
 *(SORT_BY_ALIGNMENT(.after_vectors*))
 .after_vectors.reset
                0x00000000000000e8       0x58 ./startup/startup_lpc802.o
                0x00000000000000e8                ResetISR
 .after_vectors.init_data
                0x0000000000000140       0x12 ./startup/startup_lpc802.o
                0x0000000000000140                data_init
 .after_vectors.init_bss
                0x0000000000000152       0x10 ./startup/startup_lpc802.o
                0x0000000000000152                bss_init
 .after_vectors
                0x0000000000000162      0x10c ./startup/startup_lpc802.o
                0x0000000000000162                NMI_Handler
                0x0000000000000166                SVC_Handler
                0x0000000000000168                PendSV_Handler
                0x000000000000016c                Reserved17_DriverIRQHandler
                0x000000000000016c                ADC0_OVR_DriverIRQHandler
                0x000000000000016c                Reserved21_DriverIRQHandler
                0x000000000000016c                PIN_INT3_DriverIRQHandler
                0x000000000000016c                PIN_INT2_DriverIRQHandler
                0x000000000000016c                Reserved36_DriverIRQHandler
                0x000000000000016c                PIN_INT0_DriverIRQHandler
                0x000000000000016c                IntDefaultHandler
                0x000000000000016c                WKT_DriverIRQHandler
                0x000000000000016c                MRT0_DriverIRQHandler
                0x000000000000016c                PIN_INT4_DriverIRQHandler
                0x000000000000016c                PIN_INT5_DriverIRQHandler
                0x000000000000016c                ADC0_THCMP_DriverIRQHandler
                0x000000000000016c                PIN_INT7_DriverIRQHandler
                0x000000000000016c                Reserved38_DriverIRQHandler
                0x000000000000016c                Reserved22_DriverIRQHandler
                0x000000000000016c                FLASH_DriverIRQHandler
                0x000000000000016c                ADC0_SEQB_DriverIRQHandler
                0x000000000000016c                CTIMER0_DriverIRQHandler
                0x000000000000016c                PIN_INT6_DriverIRQHandler
                0x000000000000016c                Reserved18_DriverIRQHandler
                0x000000000000016c                WDT_DriverIRQHandler
                0x000000000000016c                PIN_INT1_DriverIRQHandler
                0x000000000000016c                Reserved23_DriverIRQHandler
                0x000000000000016c                Reserved25_DriverIRQHandler
                0x000000000000016c                BOD_DriverIRQHandler
                0x000000000000016c                CMP_DriverIRQHandler
                0x000000000000016c                ADC0_SEQA_DriverIRQHandler
                0x000000000000016c                SPI0_DriverIRQHandler
                0x000000000000016c                Reserved37_DriverIRQHandler
                0x000000000000016c                I2C0_DriverIRQHandler
                0x000000000000016e                SPI0_IRQHandler
                0x0000000000000176                Reserved17_IRQHandler
                0x000000000000017e                Reserved18_IRQHandler
                0x0000000000000186                USART0_IRQHandler
                0x000000000000018e                USART1_IRQHandler
                0x0000000000000196                Reserved21_IRQHandler
                0x000000000000019e                Reserved22_IRQHandler
                0x00000000000001a6                Reserved23_IRQHandler
                0x00000000000001ae                I2C0_IRQHandler
                0x00000000000001b6                Reserved25_IRQHandler
                0x00000000000001be                MRT0_IRQHandler
                0x00000000000001c6                CMP_IRQHandler
                0x00000000000001ce                WDT_IRQHandler
                0x00000000000001d6                BOD_IRQHandler
                0x00000000000001de                FLASH_IRQHandler
                0x00000000000001e6                WKT_IRQHandler
                0x00000000000001ee                ADC0_SEQA_IRQHandler
                0x00000000000001f6                ADC0_SEQB_IRQHandler
                0x00000000000001fe                ADC0_THCMP_IRQHandler
                0x0000000000000206                ADC0_OVR_IRQHandler
                0x000000000000020e                Reserved36_IRQHandler
                0x0000000000000216                Reserved37_IRQHandler
                0x000000000000021e                Reserved38_IRQHandler
                0x0000000000000226                CTIMER0_IRQHandler
                0x0000000000000236                PIN_INT1_IRQHandler
                0x000000000000023e                PIN_INT2_IRQHandler
                0x0000000000000246                PIN_INT3_IRQHandler
                0x000000000000024e                PIN_INT4_IRQHandler
                0x0000000000000256                PIN_INT5_IRQHandler
                0x000000000000025e                PIN_INT6_IRQHandler
                0x0000000000000266                PIN_INT7_IRQHandler
 *(SORT_BY_ALIGNMENT(.text*))
 *fill*         0x000000000000026e        0x2 ff
 .text.__NVIC_EnableIRQ
                0x0000000000000270       0x34 ./source/EECS3215_Project.o
 .text.__NVIC_DisableIRQ
                0x00000000000002a4       0x40 ./source/EECS3215_Project.o
 .text.__NVIC_SetPriority
                0x00000000000002e4       0xdc ./source/EECS3215_Project.o
 .text.SysTick_Config
                0x00000000000003c0       0x48 ./source/EECS3215_Project.o
 .text.main     0x0000000000000408      0x144 ./source/EECS3215_Project.o
                0x0000000000000408                main
 .text.get_feedforward
                0x000000000000054c       0x2c ./source/EECS3215_Project.o
                0x000000000000054c                get_feedforward
 .text.get_setpoint
                0x0000000000000578       0x7c ./source/EECS3215_Project.o
                0x0000000000000578                get_setpoint
 .text.set_output
                0x00000000000005f4       0xbc ./source/EECS3215_Project.o
                0x00000000000005f4                set_output
 .text.set_display
                0x00000000000006b0       0x60 ./source/EECS3215_Project.o
                0x00000000000006b0                set_display
 .text.setup_PIN_IRQ
                0x0000000000000710       0x40 ./source/EECS3215_Project.o
                0x0000000000000710                setup_PIN_IRQ
 .text.setup_ADC
                0x0000000000000750       0xc8 ./source/EECS3215_Project.o
                0x0000000000000750                setup_ADC
 .text.setup_PWM
                0x0000000000000818       0xcc ./source/EECS3215_Project.o
                0x0000000000000818                setup_PWM
 .text.SysTick_Cfg
                0x00000000000008e4       0x50 ./source/EECS3215_Project.o
                0x00000000000008e4                SysTick_Cfg
 .text.SysTick_Handler
                0x0000000000000934       0x90 ./source/EECS3215_Project.o
                0x0000000000000934                SysTick_Handler
 .text.PIN_INT0_IRQHandler
                0x00000000000009c4       0xb4 ./source/EECS3215_Project.o
                0x00000000000009c4                PIN_INT0_IRQHandler
 .text.HardFault_Handler
                0x0000000000000a78       0x30 ./source/semihost_hardfault.o
                0x0000000000000a78                HardFault_Handler
 .text.CLOCK_UpdateClkSrc
                0x0000000000000aa8       0x4c ./drivers/fsl_clock.o
 .text.CLOCK_SetMainClkSrc
                0x0000000000000af4       0x6c ./drivers/fsl_clock.o
                0x0000000000000af4                CLOCK_SetMainClkSrc
 .text.CLOCK_SetFroOscFreq
                0x0000000000000b60       0x44 ./drivers/fsl_clock.o
                0x0000000000000b60                CLOCK_SetFroOscFreq
 .text.USART0_DriverIRQHandler
                0x0000000000000ba4       0x24 ./drivers/fsl_usart.o
                0x0000000000000ba4                USART0_DriverIRQHandler
 .text.USART1_DriverIRQHandler
                0x0000000000000bc8       0x24 ./drivers/fsl_usart.o
                0x0000000000000bc8                USART1_DriverIRQHandler
 .text.SystemInit
                0x0000000000000bec       0x2c ./device/system_LPC802.o
                0x0000000000000bec                SystemInit
 .text.CLOCK_Select
                0x0000000000000c18       0x38 ./board/clock_config.o
 .text.CLOCK_SetCoreSysClkDiv
                0x0000000000000c50       0x3c ./board/clock_config.o
 .text.POWER_DisablePD
                0x0000000000000c8c       0x2c ./board/clock_config.o
 .text.BOARD_BootClockFRO24M
                0x0000000000000cb8       0x4c ./board/clock_config.o
                0x0000000000000cb8                BOARD_BootClockFRO24M
 .text.__assertion_failed
                0x0000000000000d04       0x4c /Applications/MCUXpressoIDE_11.1.0_3209/ide/plugins/com.nxp.mcuxpresso.tools.macosx_11.1.0.201909161352/tools/bin/../lib/gcc/arm-none-eabi/8.3.1/../../../../arm-none-eabi/lib/thumb/v6-m/nofp/libcr_semihost.a(_cr_assert.o)
                0x0000000000000d04                __assertion_failed
 .text.__sys_appexit
                0x0000000000000d50        0xc /Applications/MCUXpressoIDE_11.1.0_3209/ide/plugins/com.nxp.mcuxpresso.tools.macosx_11.1.0.201909161352/tools/bin/../lib/gcc/arm-none-eabi/8.3.1/../../../../arm-none-eabi/lib/thumb/v6-m/nofp/libcr_semihost.a(__sys_appexit.o)
                0x0000000000000d50                __exit
                0x0000000000000d50                __sys_appexit
 .text._deferredlazyseek
                0x0000000000000d5c       0x40 /Applications/MCUXpressoIDE_11.1.0_3209/ide/plugins/com.nxp.mcuxpresso.tools.macosx_11.1.0.201909161352/tools/bin/../lib/gcc/arm-none-eabi/8.3.1/../../../../arm-none-eabi/lib/thumb/v6-m/nofp/libcr_c.a(_deferredlazyseek.o)
                0x0000000000000d5c                _deferredlazyseek
 .text.__flsbuf
                0x0000000000000d9c      0x14c /Applications/MCUXpressoIDE_11.1.0_3209/ide/plugins/com.nxp.mcuxpresso.tools.macosx_11.1.0.201909161352/tools/bin/../lib/gcc/arm-none-eabi/8.3.1/../../../../arm-none-eabi/lib/thumb/v6-m/nofp/libcr_c.a(_deferredlazyseek.o)
                0x0000000000000d9c                __flsbuf
 .text._fflush  0x0000000000000ee8       0x5c /Applications/MCUXpressoIDE_11.1.0_3209/ide/plugins/com.nxp.mcuxpresso.tools.macosx_11.1.0.201909161352/tools/bin/../lib/gcc/arm-none-eabi/8.3.1/../../../../arm-none-eabi/lib/thumb/v6-m/nofp/libcr_c.a(_fflush.o)
                0x0000000000000ee8                _fflush
 .text._Cwritebuf
                0x0000000000000f44       0x68 /Applications/MCUXpressoIDE_11.1.0_3209/ide/plugins/com.nxp.mcuxpresso.tools.macosx_11.1.0.201909161352/tools/bin/../lib/gcc/arm-none-eabi/8.3.1/../../../../arm-none-eabi/lib/thumb/v6-m/nofp/libcr_c.a(_writebuf.o)
                0x0000000000000f44                _Cwritebuf
 .text.malloc   0x0000000000000fac       0xcc /Applications/MCUXpressoIDE_11.1.0_3209/ide/plugins/com.nxp.mcuxpresso.tools.macosx_11.1.0.201909161352/tools/bin/../lib/gcc/arm-none-eabi/8.3.1/../../../../arm-none-eabi/lib/thumb/v6-m/nofp/libcr_c.a(alloc.o)
                0x0000000000000fac                malloc
 .text._Csys_alloc
                0x0000000000001078       0x20 /Applications/MCUXpressoIDE_11.1.0_3209/ide/plugins/com.nxp.mcuxpresso.tools.macosx_11.1.0.201909161352/tools/bin/../lib/gcc/arm-none-eabi/8.3.1/../../../../arm-none-eabi/lib/thumb/v6-m/nofp/libcr_c.a(alloc.o)
                0x0000000000001078                _Csys_alloc
 .text.fseek    0x0000000000001098       0xf0 /Applications/MCUXpressoIDE_11.1.0_3209/ide/plugins/com.nxp.mcuxpresso.tools.macosx_11.1.0.201909161352/tools/bin/../lib/gcc/arm-none-eabi/8.3.1/../../../../arm-none-eabi/lib/thumb/v6-m/nofp/libcr_c.a(fseek.o)
                0x0000000000001098                fseek
 .text.ftell    0x0000000000001188       0x48 /Applications/MCUXpressoIDE_11.1.0_3209/ide/plugins/com.nxp.mcuxpresso.tools.macosx_11.1.0.201909161352/tools/bin/../lib/gcc/arm-none-eabi/8.3.1/../../../../arm-none-eabi/lib/thumb/v6-m/nofp/libcr_c.a(ftell.o)
                0x0000000000001188                ftell
 .text._initio  0x00000000000011d0       0x7c /Applications/MCUXpressoIDE_11.1.0_3209/ide/plugins/com.nxp.mcuxpresso.tools.macosx_11.1.0.201909161352/tools/bin/../lib/gcc/arm-none-eabi/8.3.1/../../../../arm-none-eabi/lib/thumb/v6-m/nofp/libcr_c.a(initio.o)
                0x00000000000011d0                _initio
 .text.setvbuf  0x000000000000124c       0x4c /Applications/MCUXpressoIDE_11.1.0_3209/ide/plugins/com.nxp.mcuxpresso.tools.macosx_11.1.0.201909161352/tools/bin/../lib/gcc/arm-none-eabi/8.3.1/../../../../arm-none-eabi/lib/thumb/v6-m/nofp/libcr_c.a(setvbuf.o)
                0x000000000000124c                setvbuf
 .text.strlen   0x0000000000001298       0x58 /Applications/MCUXpressoIDE_11.1.0_3209/ide/plugins/com.nxp.mcuxpresso.tools.macosx_11.1.0.201909161352/tools/bin/../lib/gcc/arm-none-eabi/8.3.1/../../../../arm-none-eabi/lib/thumb/v6-m/nofp/libcr_c.a(strlen.o)
                0x0000000000001298                strlen
 .text._sbrk    0x00000000000012f0       0x40 /Applications/MCUXpressoIDE_11.1.0_3209/ide/plugins/com.nxp.mcuxpresso.tools.macosx_11.1.0.201909161352/tools/bin/../lib/gcc/arm-none-eabi/8.3.1/../../../../arm-none-eabi/lib/thumb/v6-m/nofp/libcr_c.a(_cr_sbrk.o)
                0x00000000000012f0                _sbrk
 .text._fdopen  0x0000000000001330       0x74 /Applications/MCUXpressoIDE_11.1.0_3209/ide/plugins/com.nxp.mcuxpresso.tools.macosx_11.1.0.201909161352/tools/bin/../lib/gcc/arm-none-eabi/8.3.1/../../../../arm-none-eabi/lib/thumb/v6-m/nofp/libcr_c.a(_fdopen.o)
                0x0000000000001330                _fdopen
 .text.fclose   0x00000000000013a4       0x5c /Applications/MCUXpressoIDE_11.1.0_3209/ide/plugins/com.nxp.mcuxpresso.tools.macosx_11.1.0.201909161352/tools/bin/../lib/gcc/arm-none-eabi/8.3.1/../../../../arm-none-eabi/lib/thumb/v6-m/nofp/libcr_c.a(fclose.o)
                0x00000000000013a4                fclose
 .text.fflush   0x0000000000001400       0x44 /Applications/MCUXpressoIDE_11.1.0_3209/ide/plugins/com.nxp.mcuxpresso.tools.macosx_11.1.0.201909161352/tools/bin/../lib/gcc/arm-none-eabi/8.3.1/../../../../arm-none-eabi/lib/thumb/v6-m/nofp/libcr_c.a(fflush.o)
                0x0000000000001400                fflush
 .text.__check_heap_overflow
                0x0000000000001444       0x14 /Applications/MCUXpressoIDE_11.1.0_3209/ide/plugins/com.nxp.mcuxpresso.tools.macosx_11.1.0.201909161352/tools/bin/../lib/gcc/arm-none-eabi/8.3.1/../../../../arm-none-eabi/lib/thumb/v6-m/nofp/libcr_c.a(_cr_check_heap.o)
                0x0000000000001444                __check_heap_overflow
 .text._do_fflush
                0x0000000000001458       0x44 /Applications/MCUXpressoIDE_11.1.0_3209/ide/plugins/com.nxp.mcuxpresso.tools.macosx_11.1.0.201909161352/tools/bin/../lib/gcc/arm-none-eabi/8.3.1/../../../../arm-none-eabi/lib/thumb/v6-m/nofp/libcr_c.a(_do_fflush.o)
                0x0000000000001458                _do_fflush
 .text.__aeabi_dmul
                0x000000000000149c      0x188 /Applications/MCUXpressoIDE_11.1.0_3209/ide/plugins/com.nxp.mcuxpresso.tools.macosx_11.1.0.201909161352/tools/bin/../lib/gcc/arm-none-eabi/8.3.1/thumb/v6-m/nofp/libcr_eabihelpers.a(double.o)
                0x000000000000149c                __aeabi_dmul
 .text.__aeabi_ddiv
                0x0000000000001624      0x148 /Applications/MCUXpressoIDE_11.1.0_3209/ide/plugins/com.nxp.mcuxpresso.tools.macosx_11.1.0.201909161352/tools/bin/../lib/gcc/arm-none-eabi/8.3.1/thumb/v6-m/nofp/libcr_eabihelpers.a(double.o)
                0x0000000000001624                __aeabi_ddiv
 .text.__aeabi_dsub
                0x000000000000176c      0x1c4 /Applications/MCUXpressoIDE_11.1.0_3209/ide/plugins/com.nxp.mcuxpresso.tools.macosx_11.1.0.201909161352/tools/bin/../lib/gcc/arm-none-eabi/8.3.1/thumb/v6-m/nofp/libcr_eabihelpers.a(double.o)
                0x000000000000176c                __aeabi_dsub
 .text.__aeabi_dadd
                0x0000000000001930      0x12c /Applications/MCUXpressoIDE_11.1.0_3209/ide/plugins/com.nxp.mcuxpresso.tools.macosx_11.1.0.201909161352/tools/bin/../lib/gcc/arm-none-eabi/8.3.1/thumb/v6-m/nofp/libcr_eabihelpers.a(double.o)
                0x0000000000001930                __aeabi_dadd
 .text.__aeabi_d2f
                0x0000000000001a5c       0x60 /Applications/MCUXpressoIDE_11.1.0_3209/ide/plugins/com.nxp.mcuxpresso.tools.macosx_11.1.0.201909161352/tools/bin/../lib/gcc/arm-none-eabi/8.3.1/thumb/v6-m/nofp/libcr_eabihelpers.a(double.o)
                0x0000000000001a5c                __aeabi_d2f
 .text.__aeabi_d2iz
                0x0000000000001abc       0x4c /Applications/MCUXpressoIDE_11.1.0_3209/ide/plugins/com.nxp.mcuxpresso.tools.macosx_11.1.0.201909161352/tools/bin/../lib/gcc/arm-none-eabi/8.3.1/thumb/v6-m/nofp/libcr_eabihelpers.a(double.o)
                0x0000000000001abc                __aeabi_d2iz
 .text.__aeabi_dcmplt
                0x0000000000001b08       0x60 /Applications/MCUXpressoIDE_11.1.0_3209/ide/plugins/com.nxp.mcuxpresso.tools.macosx_11.1.0.201909161352/tools/bin/../lib/gcc/arm-none-eabi/8.3.1/thumb/v6-m/nofp/libcr_eabihelpers.a(double.o)
                0x0000000000001b08                __aeabi_dcmplt
 .text.__aeabi_dcmpgt
                0x0000000000001b68       0x58 /Applications/MCUXpressoIDE_11.1.0_3209/ide/plugins/com.nxp.mcuxpresso.tools.macosx_11.1.0.201909161352/tools/bin/../lib/gcc/arm-none-eabi/8.3.1/thumb/v6-m/nofp/libcr_eabihelpers.a(double.o)
                0x0000000000001b68                __aeabi_dcmpgt
 .text.__aeabi_fmul
                0x0000000000001bc0       0xc4 /Applications/MCUXpressoIDE_11.1.0_3209/ide/plugins/com.nxp.mcuxpresso.tools.macosx_11.1.0.201909161352/tools/bin/../lib/gcc/arm-none-eabi/8.3.1/thumb/v6-m/nofp/libcr_eabihelpers.a(float.o)
                0x0000000000001bc0                __aeabi_fmul
 .text.__aeabi_fsub
                0x0000000000001c84      0x128 /Applications/MCUXpressoIDE_11.1.0_3209/ide/plugins/com.nxp.mcuxpresso.tools.macosx_11.1.0.201909161352/tools/bin/../lib/gcc/arm-none-eabi/8.3.1/thumb/v6-m/nofp/libcr_eabihelpers.a(float.o)
                0x0000000000001c84                __aeabi_fsub
 .text.__aeabi_fadd
                0x0000000000001dac       0xac /Applications/MCUXpressoIDE_11.1.0_3209/ide/plugins/com.nxp.mcuxpresso.tools.macosx_11.1.0.201909161352/tools/bin/../lib/gcc/arm-none-eabi/8.3.1/thumb/v6-m/nofp/libcr_eabihelpers.a(float.o)
                0x0000000000001dac                __aeabi_fadd
 .text.pid_create
                0x0000000000001e58       0x62 ./source/PIDController.o
                0x0000000000001e58                pid_create
 .text.pid_calc
                0x0000000000001eba       0xda ./source/PIDController.o
                0x0000000000001eba                pid_calc
 .text.SystemInitHook
                0x0000000000001f94        0xa ./device/system_LPC802.o
                0x0000000000001f94                SystemInitHook
 .text.__main   0x0000000000001f9e        0xc /Applications/MCUXpressoIDE_11.1.0_3209/ide/plugins/com.nxp.mcuxpresso.tools.macosx_11.1.0.201909161352/tools/bin/../lib/gcc/arm-none-eabi/8.3.1/../../../../arm-none-eabi/lib/thumb/v6-m/nofp/libcr_semihost.a(_cr__main.o)
                0x0000000000001f9e                __main
                0x0000000000001f9e                __CR_SEMIHOST
 .text.memcpy   0x0000000000001faa        0x8 /Applications/MCUXpressoIDE_11.1.0_3209/ide/plugins/com.nxp.mcuxpresso.tools.macosx_11.1.0.201909161352/tools/bin/../lib/gcc/arm-none-eabi/8.3.1/../../../../arm-none-eabi/lib/thumb/v6-m/nofp/libcr_c.a(memcpy.o)
                0x0000000000001faa                memcpy
 .text.memset   0x0000000000001fb2        0x8 /Applications/MCUXpressoIDE_11.1.0_3209/ide/plugins/com.nxp.mcuxpresso.tools.macosx_11.1.0.201909161352/tools/bin/../lib/gcc/arm-none-eabi/8.3.1/../../../../arm-none-eabi/lib/thumb/v6-m/nofp/libcr_c.a(memset.o)
                0x0000000000001fb2                memset
 .text.free     0x0000000000001fba       0x2c /Applications/MCUXpressoIDE_11.1.0_3209/ide/plugins/com.nxp.mcuxpresso.tools.macosx_11.1.0.201909161352/tools/bin/../lib/gcc/arm-none-eabi/8.3.1/../../../../arm-none-eabi/lib/thumb/v6-m/nofp/libcr_c.a(alloc.o)
                0x0000000000001fba                free
 .text.fputs    0x0000000000001fe6       0x2e /Applications/MCUXpressoIDE_11.1.0_3209/ide/plugins/com.nxp.mcuxpresso.tools.macosx_11.1.0.201909161352/tools/bin/../lib/gcc/arm-none-eabi/8.3.1/../../../../arm-none-eabi/lib/thumb/v6-m/nofp/libcr_c.a(fputs.o)
                0x0000000000001fe6                fputs
 .text.abs      0x0000000000002014        0x8 /Applications/MCUXpressoIDE_11.1.0_3209/ide/plugins/com.nxp.mcuxpresso.tools.macosx_11.1.0.201909161352/tools/bin/../lib/gcc/arm-none-eabi/8.3.1/../../../../arm-none-eabi/lib/thumb/v6-m/nofp/libcr_c.a(stdlib.o)
                0x0000000000002014                abs
 .text.remove   0x000000000000201c       0x12 /Applications/MCUXpressoIDE_11.1.0_3209/ide/plugins/com.nxp.mcuxpresso.tools.macosx_11.1.0.201909161352/tools/bin/../lib/gcc/arm-none-eabi/8.3.1/../../../../arm-none-eabi/lib/thumb/v6-m/nofp/libcr_c.a(remove.o)
                0x000000000000201c                remove
 .text.__aeabi_division_idivmod
                0x000000000000202e       0x78 /Applications/MCUXpressoIDE_11.1.0_3209/ide/plugins/com.nxp.mcuxpresso.tools.macosx_11.1.0.201909161352/tools/bin/../lib/gcc/arm-none-eabi/8.3.1/thumb/v6-m/nofp/libcr_eabihelpers.a(division_32.o)
                0x000000000000202e                __aeabi_idiv
                0x000000000000202e                __aeabi_idivmod
                0x0000000000002034                __aeabi_uidiv
                0x0000000000002034                __aeabi_uidivmod
 .text.__aeabi_division_idiv0
                0x00000000000020a6        0x2 /Applications/MCUXpressoIDE_11.1.0_3209/ide/plugins/com.nxp.mcuxpresso.tools.macosx_11.1.0.201909161352/tools/bin/../lib/gcc/arm-none-eabi/8.3.1/thumb/v6-m/nofp/libcr_eabihelpers.a(division_idiv0.o)
                0x00000000000020a6                __aeabi_idiv0
 .text.__bhs_ui2d
                0x00000000000020a8       0x5e /Applications/MCUXpressoIDE_11.1.0_3209/ide/plugins/com.nxp.mcuxpresso.tools.macosx_11.1.0.201909161352/tools/bin/../lib/gcc/arm-none-eabi/8.3.1/thumb/v6-m/nofp/libcr_eabihelpers.a(double.o)
                0x00000000000020a8                __bhs_ui2d
 .text.__aeabi_i2d
                0x0000000000002106       0x18 /Applications/MCUXpressoIDE_11.1.0_3209/ide/plugins/com.nxp.mcuxpresso.tools.macosx_11.1.0.201909161352/tools/bin/../lib/gcc/arm-none-eabi/8.3.1/thumb/v6-m/nofp/libcr_eabihelpers.a(double.o)
                0x0000000000002106                __aeabi_i2d
 .text.__aeabi_f2uiz
                0x000000000000211e       0x2a /Applications/MCUXpressoIDE_11.1.0_3209/ide/plugins/com.nxp.mcuxpresso.tools.macosx_11.1.0.201909161352/tools/bin/../lib/gcc/arm-none-eabi/8.3.1/thumb/v6-m/nofp/libcr_eabihelpers.a(float.o)
                0x000000000000211e                __aeabi_f2uiz
 .text.__aeabi_llong_lmul
                0x0000000000002148       0x2e /Applications/MCUXpressoIDE_11.1.0_3209/ide/plugins/com.nxp.mcuxpresso.tools.macosx_11.1.0.201909161352/tools/bin/../lib/gcc/arm-none-eabi/8.3.1/thumb/v6-m/nofp/libcr_eabihelpers.a(llong.o)
                0x0000000000002148                __aeabi_lmul
 .text.__aeabi_memcpy
                0x0000000000002176       0x2c /Applications/MCUXpressoIDE_11.1.0_3209/ide/plugins/com.nxp.mcuxpresso.tools.macosx_11.1.0.201909161352/tools/bin/../lib/gcc/arm-none-eabi/8.3.1/thumb/v6-m/nofp/libcr_eabihelpers.a(memcpy.o)
                0x0000000000002176                __aeabi_memcpy
                0x0000000000002176                __aeabi_memcpy4
                0x0000000000002176                __aeabi_memcpy8
 .text.__aeabi_memset_lowlevel
                0x00000000000021a2       0x2a /Applications/MCUXpressoIDE_11.1.0_3209/ide/plugins/com.nxp.mcuxpresso.tools.macosx_11.1.0.201909161352/tools/bin/../lib/gcc/arm-none-eabi/8.3.1/thumb/v6-m/nofp/libcr_eabihelpers.a(memcpy.o)
                0x00000000000021a2                __aeabi_lowlevel_memset
 .text.__sys_close
                0x00000000000021cc        0xc /Applications/MCUXpressoIDE_11.1.0_3209/ide/plugins/com.nxp.mcuxpresso.tools.macosx_11.1.0.201909161352/tools/bin/../lib/gcc/arm-none-eabi/8.3.1/../../../../arm-none-eabi/lib/thumb/v6-m/nofp/libcr_semihost.a(__sys_close.o)
                0x00000000000021cc                __sys_close
 .text.__sys_flen
                0x00000000000021d8        0xc /Applications/MCUXpressoIDE_11.1.0_3209/ide/plugins/com.nxp.mcuxpresso.tools.macosx_11.1.0.201909161352/tools/bin/../lib/gcc/arm-none-eabi/8.3.1/../../../../arm-none-eabi/lib/thumb/v6-m/nofp/libcr_semihost.a(__sys_flen.o)
                0x00000000000021d8                __sys_flen
 .text.__sys_istty
                0x00000000000021e4        0xc /Applications/MCUXpressoIDE_11.1.0_3209/ide/plugins/com.nxp.mcuxpresso.tools.macosx_11.1.0.201909161352/tools/bin/../lib/gcc/arm-none-eabi/8.3.1/../../../../arm-none-eabi/lib/thumb/v6-m/nofp/libcr_semihost.a(__sys_istty.o)
                0x00000000000021e4                __sys_istty
 .text.__sys_remove
                0x00000000000021f0        0xc /Applications/MCUXpressoIDE_11.1.0_3209/ide/plugins/com.nxp.mcuxpresso.tools.macosx_11.1.0.201909161352/tools/bin/../lib/gcc/arm-none-eabi/8.3.1/../../../../arm-none-eabi/lib/thumb/v6-m/nofp/libcr_semihost.a(__sys_remove.o)
                0x00000000000021f0                __sys_remove
 .text.__sys_seek
                0x00000000000021fc        0xc /Applications/MCUXpressoIDE_11.1.0_3209/ide/plugins/com.nxp.mcuxpresso.tools.macosx_11.1.0.201909161352/tools/bin/../lib/gcc/arm-none-eabi/8.3.1/../../../../arm-none-eabi/lib/thumb/v6-m/nofp/libcr_semihost.a(__sys_seek.o)
                0x00000000000021fc                __sys_seek
 .text.__sys_tmpnam
                0x0000000000002208        0xc /Applications/MCUXpressoIDE_11.1.0_3209/ide/plugins/com.nxp.mcuxpresso.tools.macosx_11.1.0.201909161352/tools/bin/../lib/gcc/arm-none-eabi/8.3.1/../../../../arm-none-eabi/lib/thumb/v6-m/nofp/libcr_semihost.a(__sys_tmpnam.o)
                0x0000000000002208                __sys_tmpnam
 .text.__sys_write
                0x0000000000002214        0xc /Applications/MCUXpressoIDE_11.1.0_3209/ide/plugins/com.nxp.mcuxpresso.tools.macosx_11.1.0.201909161352/tools/bin/../lib/gcc/arm-none-eabi/8.3.1/../../../../arm-none-eabi/lib/thumb/v6-m/nofp/libcr_semihost.a(__sys_write.o)
                0x0000000000002214                __sys_write
 *(SORT_BY_ALIGNMENT(.rodata) SORT_BY_ALIGNMENT(.rodata.*) SORT_BY_ALIGNMENT(.constdata) SORT_BY_ALIGNMENT(.constdata.*))
 .rodata.ALL_DIGITS
                0x0000000000002220       0x28 ./source/EECS3215_Project.o
                0x0000000000002220                ALL_DIGITS
 .rodata.ALL_SEGMENTS
                0x0000000000002248       0x10 ./source/EECS3215_Project.o
                0x0000000000002248                ALL_SEGMENTS
 .rodata.CLOCK_UpdateClkSrc.str1.4
                0x0000000000002258       0x18 ./drivers/fsl_clock.o
 .rodata.CLOCK_SetCoreSysClkDiv.str1.4
                0x0000000000002270       0x58 ./board/clock_config.o
                                         0x55 (size before relaxing)
 .rodata.__num_Ciob_streams
                0x00000000000022c8        0x4 /Applications/MCUXpressoIDE_11.1.0_3209/ide/plugins/com.nxp.mcuxpresso.tools.macosx_11.1.0.201909161352/tools/bin/../lib/gcc/arm-none-eabi/8.3.1/../../../../arm-none-eabi/lib/thumb/v6-m/nofp/libcr_semihost.a(__ciob.o)
                0x00000000000022c8                __num_Ciob_streams
 .rodata.__assertion_failed.str1.1
                0x00000000000022cc       0x15 /Applications/MCUXpressoIDE_11.1.0_3209/ide/plugins/com.nxp.mcuxpresso.tools.macosx_11.1.0.201909161352/tools/bin/../lib/gcc/arm-none-eabi/8.3.1/../../../../arm-none-eabi/lib/thumb/v6-m/nofp/libcr_semihost.a(_cr_assert.o)
 .rodata._Csys_alloc.str1.1
                0x00000000000022e1       0x18 /Applications/MCUXpressoIDE_11.1.0_3209/ide/plugins/com.nxp.mcuxpresso.tools.macosx_11.1.0.201909161352/tools/bin/../lib/gcc/arm-none-eabi/8.3.1/../../../../arm-none-eabi/lib/thumb/v6-m/nofp/libcr_c.a(alloc.o)
 .rodata._initio.str1.1
                0x00000000000022f9        0x4 /Applications/MCUXpressoIDE_11.1.0_3209/ide/plugins/com.nxp.mcuxpresso.tools.macosx_11.1.0.201909161352/tools/bin/../lib/gcc/arm-none-eabi/8.3.1/../../../../arm-none-eabi/lib/thumb/v6-m/nofp/libcr_c.a(initio.o)
                0x0000000000002300                . = ALIGN (0x4)
 *fill*         0x00000000000022fd        0x3 ff

.glue_7         0x0000000000002300        0x0
 .glue_7        0x0000000000002300        0x0 linker stubs

.glue_7t        0x0000000000002300        0x0
 .glue_7t       0x0000000000002300        0x0 linker stubs

.vfp11_veneer   0x0000000000002300        0x0
 .vfp11_veneer  0x0000000000002300        0x0 linker stubs

.v4_bx          0x0000000000002300        0x0
 .v4_bx         0x0000000000002300        0x0 linker stubs

.iplt           0x0000000000002300        0x0
 .iplt          0x0000000000002300        0x0 ./startup/startup_lpc802.o

.rel.dyn        0x0000000000002300        0x0
 .rel.iplt      0x0000000000002300        0x0 ./startup/startup_lpc802.o

.ARM.extab
 *(SORT_BY_ALIGNMENT(.ARM.extab*) SORT_BY_ALIGNMENT(.gnu.linkonce.armextab.*))
                0x0000000000002300                __exidx_start = .

.ARM.exidx
 *(SORT_BY_ALIGNMENT(.ARM.exidx*) SORT_BY_ALIGNMENT(.gnu.linkonce.armexidx.*))
                0x0000000000002300                __exidx_end = .
                0x0000000000002300                _etext = .

.data_RAM2      0x00000000100007e0        0x0 load address 0x0000000000002300
 FILL mask 0xff
                [!provide]                        PROVIDE (__start_data_RAM2 = .)
                [!provide]                        PROVIDE (__start_data_IAP_SRAM = .)
 *(SORT_BY_ALIGNMENT(.ramfunc.$RAM2))
 *(SORT_BY_ALIGNMENT(.ramfunc.$IAP_SRAM))
 *(SORT_BY_ALIGNMENT(.data.$RAM2))
 *(SORT_BY_ALIGNMENT(.data.$IAP_SRAM))
 *(SORT_BY_ALIGNMENT(.data.$RAM2.*))
 *(SORT_BY_ALIGNMENT(.data.$IAP_SRAM.*))
                0x00000000100007e0                . = ALIGN (0x4)
                [!provide]                        PROVIDE (__end_data_RAM2 = .)
                [!provide]                        PROVIDE (__end_data_IAP_SRAM = .)

.uninit_RESERVED
                0x0000000010000000        0x0
                0x0000000010000000                _start_uninit_RESERVED = .
 *(SORT_BY_ALIGNMENT(.bss.$RESERVED*))
                0x0000000010000000                . = ALIGN (0x4)
                0x0000000010000000                _end_uninit_RESERVED = .

.data           0x0000000010000000        0xc load address 0x0000000000002300
 FILL mask 0xff
                0x0000000010000000                _data = .
                [!provide]                        PROVIDE (__start_data_RAM = .)
                [!provide]                        PROVIDE (__start_data_SRAM = .)
 *(SORT_BY_ALIGNMENT(vtable))
 *(SORT_BY_ALIGNMENT(.ramfunc*))
 *(SORT_BY_ALIGNMENT(CodeQuickAccess))
 *(SORT_BY_ALIGNMENT(DataQuickAccess))
 *(SORT_BY_ALIGNMENT(RamFunction))
 *(SORT_BY_ALIGNMENT(.data*))
 .data.match_count
                0x0000000010000000        0x4 ./source/EECS3215_Project.o
                0x0000000010000000                match_count
 .data.duty_cycle
                0x0000000010000004        0x4 ./source/EECS3215_Project.o
                0x0000000010000004                duty_cycle
 .data.SystemCoreClock
                0x0000000010000008        0x4 ./device/system_LPC802.o
                0x0000000010000008                SystemCoreClock
                0x000000001000000c                . = ALIGN (0x4)
                0x000000001000000c                _edata = .
                [!provide]                        PROVIDE (__end_data_RAM = .)
                [!provide]                        PROVIDE (__end_data_SRAM = .)

.igot.plt       0x000000001000000c        0x0 load address 0x000000000000230c
 .igot.plt      0x000000001000000c        0x0 ./startup/startup_lpc802.o

.bss_RAM2       0x00000000100007e0        0x0
                [!provide]                        PROVIDE (__start_bss_RAM2 = .)
                [!provide]                        PROVIDE (__start_bss_IAP_SRAM = .)
 *(SORT_BY_ALIGNMENT(.bss.$RAM2))
 *(SORT_BY_ALIGNMENT(.bss.$IAP_SRAM))
 *(SORT_BY_ALIGNMENT(.bss.$RAM2.*))
 *(SORT_BY_ALIGNMENT(.bss.$IAP_SRAM.*))
                0x00000000100007e0                . = ALIGN ((. != 0x0)?0x4:0x1)
                [!provide]                        PROVIDE (__end_bss_RAM2 = .)
                [!provide]                        PROVIDE (__end_bss_IAP_SRAM = .)

.bss            0x0000000010000010      0x250
                0x0000000010000010                _bss = .
                [!provide]                        PROVIDE (__start_bss_RAM = .)
                [!provide]                        PROVIDE (__start_bss_SRAM = .)
 *(SORT_BY_ALIGNMENT(.bss*))
 .bss.pid       0x0000000010000010       0x30 ./source/EECS3215_Project.o
                0x0000000010000010                pid
 .bss.digits    0x0000000010000040       0x10 ./source/EECS3215_Project.o
                0x0000000010000040                digits
 .bss.current_pos
                0x0000000010000050        0x4 ./source/EECS3215_Project.o
                0x0000000010000050                current_pos
 .bss.counter   0x0000000010000054        0x4 ./source/EECS3215_Project.o
                0x0000000010000054                counter
 .bss.prev_counter
                0x0000000010000058        0x4 ./source/EECS3215_Project.o
                0x0000000010000058                prev_counter
 .bss.rate      0x000000001000005c        0x4 ./source/EECS3215_Project.o
                0x000000001000005c                rate
 .bss.adc_result
                0x0000000010000060        0x4 ./source/EECS3215_Project.o
                0x0000000010000060                adc_result
 .bss.g_Fro_Osc_Freq
                0x0000000010000064        0x4 ./drivers/fsl_clock.o
                0x0000000010000064                g_Fro_Osc_Freq
 .bss.s_usartHandle
                0x0000000010000068        0x8 ./drivers/fsl_usart.o
 .bss.s_usartIsr
                0x0000000010000070        0x4 ./drivers/fsl_usart.o
 .bss.__Ciob    0x0000000010000074      0x1e0 /Applications/MCUXpressoIDE_11.1.0_3209/ide/plugins/com.nxp.mcuxpresso.tools.macosx_11.1.0.201909161352/tools/bin/../lib/gcc/arm-none-eabi/8.3.1/../../../../arm-none-eabi/lib/thumb/v6-m/nofp/libcr_semihost.a(__ciob.o)
                0x0000000010000074                __Ciob
 .bss.__end_of_heap
                0x0000000010000254        0x4 /Applications/MCUXpressoIDE_11.1.0_3209/ide/plugins/com.nxp.mcuxpresso.tools.macosx_11.1.0.201909161352/tools/bin/../lib/gcc/arm-none-eabi/8.3.1/../../../../arm-none-eabi/lib/thumb/v6-m/nofp/libcr_c.a(__init_alloc.o)
                0x0000000010000254                __end_of_heap
 .bss.__heaps   0x0000000010000258        0x4 /Applications/MCUXpressoIDE_11.1.0_3209/ide/plugins/com.nxp.mcuxpresso.tools.macosx_11.1.0.201909161352/tools/bin/../lib/gcc/arm-none-eabi/8.3.1/../../../../arm-none-eabi/lib/thumb/v6-m/nofp/libcr_c.a(__init_alloc.o)
                0x0000000010000258                __heaps
 .bss.errno     0x000000001000025c        0x4 /Applications/MCUXpressoIDE_11.1.0_3209/ide/plugins/com.nxp.mcuxpresso.tools.macosx_11.1.0.201909161352/tools/bin/../lib/gcc/arm-none-eabi/8.3.1/../../../../arm-none-eabi/lib/thumb/v6-m/nofp/libcr_c.a(errno.o)
                0x000000001000025c                errno
 *(SORT_BY_ALIGNMENT(COMMON))
                0x0000000010000260                . = ALIGN (0x4)
                0x0000000010000260                _ebss = .
                [!provide]                        PROVIDE (__end_bss_RAM = .)
                [!provide]                        PROVIDE (__end_bss_SRAM = .)
                [!provide]                        PROVIDE (end = .)

.noinit_RAM2    0x00000000100007e0        0x0
                [!provide]                        PROVIDE (__start_noinit_RAM2 = .)
                [!provide]                        PROVIDE (__start_noinit_IAP_SRAM = .)
 *(SORT_BY_ALIGNMENT(.noinit.$RAM2))
 *(SORT_BY_ALIGNMENT(.noinit.$IAP_SRAM))
 *(SORT_BY_ALIGNMENT(.noinit.$RAM2.*))
 *(SORT_BY_ALIGNMENT(.noinit.$IAP_SRAM.*))
                0x00000000100007e0                . = ALIGN (0x4)
                [!provide]                        PROVIDE (__end_noinit_RAM2 = .)
                [!provide]                        PROVIDE (__end_noinit_IAP_SRAM = .)

.noinit         0x0000000010000260        0x0
                0x0000000010000260                _noinit = .
                [!provide]                        PROVIDE (__start_noinit_RAM = .)
                [!provide]                        PROVIDE (__start_noinit_SRAM = .)
 *(SORT_BY_ALIGNMENT(.noinit*))
                0x0000000010000260                . = ALIGN (0x4)
                0x0000000010000260                _end_noinit = .
                [!provide]                        PROVIDE (__end_noinit_RAM = .)
                [!provide]                        PROVIDE (__end_noinit_SRAM = .)
                0x0000000000000080                _HeapSize = 0x80

.heap           0x0000000010000260       0x80
                0x0000000010000260                _pvHeapStart = .
                0x00000000100002e0                . = (. + _HeapSize)
 *fill*         0x0000000010000260       0x80 
                0x00000000100002e0                . = ALIGN (0x4)
                0x00000000100002e0                _pvHeapLimit = .
                0x0000000000000080                _StackSize = 0x80

.heap2stackfill
                0x00000000100002e0       0x80
                0x0000000010000360                . = (. + _StackSize)
 *fill*         0x00000000100002e0       0x80 

.stack          0x0000000010000760        0x0
                0x0000000010000760                _vStackBase = .
                0x0000000010000760                . = ALIGN (0x4)
                0x00000000100007e0                _vStackTop = (. + _StackSize)
                0xffffffffefffeb5b                PROVIDE (__valid_user_code_checksum = (0x0 - (((_vStackTop + (ResetISR + 0x1)) + (DEFINED (NMI_Handler)?NMI_Handler:M0_NMI_Handler + 0x1)) + (DEFINED (HardFault_Handler)?HardFault_Handler:M0_HardFault_Handler + 0x1))))
                0x0000000000000000                _image_start = LOADADDR (.text)
                0x000000000000230c                _image_end = (LOADADDR (.data) + SIZEOF (.data))
                0x000000000000230c                _image_size = (_image_end - _image_start)
OUTPUT(EECS3215_Project.axf elf32-littlearm)

.debug_info     0x0000000000000000     0x537a
 .debug_info    0x0000000000000000      0x47e ./startup/startup_lpc802.o
 .debug_info    0x000000000000047e     0x18e5 ./source/EECS3215_Project.o
 .debug_info    0x0000000000001d63      0x179 ./source/PIDController.o
 .debug_info    0x0000000000001edc       0x3c ./source/semihost_hardfault.o
 .debug_info    0x0000000000001f18      0xe82 ./drivers/fsl_clock.o
 .debug_info    0x0000000000002d9a     0x193a ./drivers/fsl_usart.o
 .debug_info    0x00000000000046d4      0x5bb ./device/system_LPC802.o
 .debug_info    0x0000000000004c8f      0x6eb ./board/clock_config.o

.debug_abbrev   0x0000000000000000      0xfa2
 .debug_abbrev  0x0000000000000000      0x17a ./startup/startup_lpc802.o
 .debug_abbrev  0x000000000000017a      0x38b ./source/EECS3215_Project.o
 .debug_abbrev  0x0000000000000505       0xd6 ./source/PIDController.o
 .debug_abbrev  0x00000000000005db       0x31 ./source/semihost_hardfault.o
 .debug_abbrev  0x000000000000060c      0x338 ./drivers/fsl_clock.o
 .debug_abbrev  0x0000000000000944      0x321 ./drivers/fsl_usart.o
 .debug_abbrev  0x0000000000000c65      0x15f ./device/system_LPC802.o
 .debug_abbrev  0x0000000000000dc4      0x1de ./board/clock_config.o

.debug_aranges  0x0000000000000000      0x478
 .debug_aranges
                0x0000000000000000      0x160 ./startup/startup_lpc802.o
 .debug_aranges
                0x0000000000000160       0xa8 ./source/EECS3215_Project.o
 .debug_aranges
                0x0000000000000208       0x28 ./source/PIDController.o
 .debug_aranges
                0x0000000000000230       0x20 ./source/semihost_hardfault.o
 .debug_aranges
                0x0000000000000250       0x98 ./drivers/fsl_clock.o
 .debug_aranges
                0x00000000000002e8      0x110 ./drivers/fsl_usart.o
 .debug_aranges
                0x00000000000003f8       0x30 ./device/system_LPC802.o
 .debug_aranges
                0x0000000000000428       0x50 ./board/clock_config.o

.debug_ranges   0x0000000000000000      0x3f8
 .debug_ranges  0x0000000000000000      0x150 ./startup/startup_lpc802.o
 .debug_ranges  0x0000000000000150       0x98 ./source/EECS3215_Project.o
 .debug_ranges  0x00000000000001e8       0x18 ./source/PIDController.o
 .debug_ranges  0x0000000000000200       0x10 ./source/semihost_hardfault.o
 .debug_ranges  0x0000000000000210       0x88 ./drivers/fsl_clock.o
 .debug_ranges  0x0000000000000298      0x100 ./drivers/fsl_usart.o
 .debug_ranges  0x0000000000000398       0x20 ./device/system_LPC802.o
 .debug_ranges  0x00000000000003b8       0x40 ./board/clock_config.o

.debug_macro    0x0000000000000000      0x6dd
 .debug_macro   0x0000000000000000       0x29 ./startup/startup_lpc802.o
 .debug_macro   0x0000000000000029      0x19f ./source/EECS3215_Project.o
 .debug_macro   0x00000000000001c8       0x46 ./source/EECS3215_Project.o
 .debug_macro   0x000000000000020e       0x22 ./source/EECS3215_Project.o
 .debug_macro   0x0000000000000230       0x16 ./source/EECS3215_Project.o
 .debug_macro   0x0000000000000246       0x1b ./source/PIDController.o
 .debug_macro   0x0000000000000261       0x11 ./source/semihost_hardfault.o
 .debug_macro   0x0000000000000272      0x127 ./drivers/fsl_clock.o
 .debug_macro   0x0000000000000399       0x1c ./drivers/fsl_clock.o
 .debug_macro   0x00000000000003b5       0x28 ./drivers/fsl_clock.o
 .debug_macro   0x00000000000003dd      0x11b ./drivers/fsl_usart.o
 .debug_macro   0x00000000000004f8       0x97 ./device/system_LPC802.o
 .debug_macro   0x000000000000058f      0x12c ./board/clock_config.o
 .debug_macro   0x00000000000006bb       0x22 ./board/clock_config.o

.debug_line     0x0000000000000000     0x23bc
 .debug_line    0x0000000000000000      0x1e5 ./startup/startup_lpc802.o
 .debug_line    0x00000000000001e5      0x799 ./source/EECS3215_Project.o
 .debug_line    0x000000000000097e       0xb1 ./source/PIDController.o
 .debug_line    0x0000000000000a2f       0x5a ./source/semihost_hardfault.o
 .debug_line    0x0000000000000a89      0x62e ./drivers/fsl_clock.o
 .debug_line    0x00000000000010b7      0xc1e ./drivers/fsl_usart.o
 .debug_line    0x0000000000001cd5      0x2c0 ./device/system_LPC802.o
 .debug_line    0x0000000000001f95      0x427 ./board/clock_config.o

.debug_str      0x0000000000000000    0x27310
 .debug_str     0x0000000000000000     0x31d4 ./startup/startup_lpc802.o
                                       0x31f6 (size before relaxing)
 .debug_str     0x00000000000031d4    0x22bcb ./source/EECS3215_Project.o
                                      0x25ac4 (size before relaxing)
 .debug_str     0x0000000000025d9f       0x59 ./source/PIDController.o
                                       0x2e4b (size before relaxing)
 .debug_str     0x0000000000025df8       0x1f ./source/semihost_hardfault.o
                                       0x2dc7 (size before relaxing)
 .debug_str     0x0000000000025e17      0x542 ./drivers/fsl_clock.o
                                      0x24cd4 (size before relaxing)
 .debug_str     0x0000000000026359      0xcf2 ./drivers/fsl_usart.o
                                      0x259a5 (size before relaxing)
 .debug_str     0x000000000002704b       0x4a ./device/system_LPC802.o
                                      0x22c93 (size before relaxing)
 .debug_str     0x0000000000027095      0x27b ./board/clock_config.o
                                      0x2442f (size before relaxing)

.comment        0x0000000000000000       0x76
 .comment       0x0000000000000000       0x76 ./startup/startup_lpc802.o
                                         0x77 (size before relaxing)
 .comment       0x0000000000000076       0x77 ./source/EECS3215_Project.o
 .comment       0x0000000000000076       0x77 ./source/PIDController.o
 .comment       0x0000000000000076       0x77 ./source/semihost_hardfault.o
 .comment       0x0000000000000076       0x77 ./drivers/fsl_clock.o
 .comment       0x0000000000000076       0x77 ./drivers/fsl_usart.o
 .comment       0x0000000000000076       0x77 ./device/system_LPC802.o
 .comment       0x0000000000000076       0x77 ./board/clock_config.o
 .comment       0x0000000000000076       0x77 /Applications/MCUXpressoIDE_11.1.0_3209/ide/plugins/com.nxp.mcuxpresso.tools.macosx_11.1.0.201909161352/tools/bin/../lib/gcc/arm-none-eabi/8.3.1/../../../../arm-none-eabi/lib/thumb/v6-m/nofp/libcr_semihost.a(_cr__main.o)
 .comment       0x0000000000000076       0x77 /Applications/MCUXpressoIDE_11.1.0_3209/ide/plugins/com.nxp.mcuxpresso.tools.macosx_11.1.0.201909161352/tools/bin/../lib/gcc/arm-none-eabi/8.3.1/../../../../arm-none-eabi/lib/thumb/v6-m/nofp/libcr_semihost.a(_cr_assert.o)
 .comment       0x0000000000000076       0x77 /Applications/MCUXpressoIDE_11.1.0_3209/ide/plugins/com.nxp.mcuxpresso.tools.macosx_11.1.0.201909161352/tools/bin/../lib/gcc/arm-none-eabi/8.3.1/../../../../arm-none-eabi/lib/thumb/v6-m/nofp/libcr_semihost.a(__ciob.o)
 .comment       0x0000000000000076       0x77 /Applications/MCUXpressoIDE_11.1.0_3209/ide/plugins/com.nxp.mcuxpresso.tools.macosx_11.1.0.201909161352/tools/bin/../lib/gcc/arm-none-eabi/8.3.1/../../../../arm-none-eabi/lib/thumb/v6-m/nofp/libcr_c.a(memcpy.o)
 .comment       0x0000000000000076       0x77 /Applications/MCUXpressoIDE_11.1.0_3209/ide/plugins/com.nxp.mcuxpresso.tools.macosx_11.1.0.201909161352/tools/bin/../lib/gcc/arm-none-eabi/8.3.1/../../../../arm-none-eabi/lib/thumb/v6-m/nofp/libcr_c.a(memset.o)
 .comment       0x0000000000000076       0x77 /Applications/MCUXpressoIDE_11.1.0_3209/ide/plugins/com.nxp.mcuxpresso.tools.macosx_11.1.0.201909161352/tools/bin/../lib/gcc/arm-none-eabi/8.3.1/../../../../arm-none-eabi/lib/thumb/v6-m/nofp/libcr_c.a(_deferredlazyseek.o)
 .comment       0x0000000000000076       0x77 /Applications/MCUXpressoIDE_11.1.0_3209/ide/plugins/com.nxp.mcuxpresso.tools.macosx_11.1.0.201909161352/tools/bin/../lib/gcc/arm-none-eabi/8.3.1/../../../../arm-none-eabi/lib/thumb/v6-m/nofp/libcr_c.a(_fflush.o)
 .comment       0x0000000000000076       0x77 /Applications/MCUXpressoIDE_11.1.0_3209/ide/plugins/com.nxp.mcuxpresso.tools.macosx_11.1.0.201909161352/tools/bin/../lib/gcc/arm-none-eabi/8.3.1/../../../../arm-none-eabi/lib/thumb/v6-m/nofp/libcr_c.a(_writebuf.o)
 .comment       0x0000000000000076       0x77 /Applications/MCUXpressoIDE_11.1.0_3209/ide/plugins/com.nxp.mcuxpresso.tools.macosx_11.1.0.201909161352/tools/bin/../lib/gcc/arm-none-eabi/8.3.1/../../../../arm-none-eabi/lib/thumb/v6-m/nofp/libcr_c.a(alloc.o)
 .comment       0x0000000000000076       0x77 /Applications/MCUXpressoIDE_11.1.0_3209/ide/plugins/com.nxp.mcuxpresso.tools.macosx_11.1.0.201909161352/tools/bin/../lib/gcc/arm-none-eabi/8.3.1/../../../../arm-none-eabi/lib/thumb/v6-m/nofp/libcr_c.a(fputs.o)
 .comment       0x0000000000000076       0x77 /Applications/MCUXpressoIDE_11.1.0_3209/ide/plugins/com.nxp.mcuxpresso.tools.macosx_11.1.0.201909161352/tools/bin/../lib/gcc/arm-none-eabi/8.3.1/../../../../arm-none-eabi/lib/thumb/v6-m/nofp/libcr_c.a(fseek.o)
 .comment       0x0000000000000076       0x77 /Applications/MCUXpressoIDE_11.1.0_3209/ide/plugins/com.nxp.mcuxpresso.tools.macosx_11.1.0.201909161352/tools/bin/../lib/gcc/arm-none-eabi/8.3.1/../../../../arm-none-eabi/lib/thumb/v6-m/nofp/libcr_c.a(ftell.o)
 .comment       0x0000000000000076       0x77 /Applications/MCUXpressoIDE_11.1.0_3209/ide/plugins/com.nxp.mcuxpresso.tools.macosx_11.1.0.201909161352/tools/bin/../lib/gcc/arm-none-eabi/8.3.1/../../../../arm-none-eabi/lib/thumb/v6-m/nofp/libcr_c.a(initio.o)
 .comment       0x0000000000000076       0x77 /Applications/MCUXpressoIDE_11.1.0_3209/ide/plugins/com.nxp.mcuxpresso.tools.macosx_11.1.0.201909161352/tools/bin/../lib/gcc/arm-none-eabi/8.3.1/../../../../arm-none-eabi/lib/thumb/v6-m/nofp/libcr_c.a(setvbuf.o)
 .comment       0x0000000000000076       0x77 /Applications/MCUXpressoIDE_11.1.0_3209/ide/plugins/com.nxp.mcuxpresso.tools.macosx_11.1.0.201909161352/tools/bin/../lib/gcc/arm-none-eabi/8.3.1/../../../../arm-none-eabi/lib/thumb/v6-m/nofp/libcr_c.a(stdlib.o)
 .comment       0x0000000000000076       0x77 /Applications/MCUXpressoIDE_11.1.0_3209/ide/plugins/com.nxp.mcuxpresso.tools.macosx_11.1.0.201909161352/tools/bin/../lib/gcc/arm-none-eabi/8.3.1/../../../../arm-none-eabi/lib/thumb/v6-m/nofp/libcr_c.a(strlen.o)
 .comment       0x0000000000000076       0x77 /Applications/MCUXpressoIDE_11.1.0_3209/ide/plugins/com.nxp.mcuxpresso.tools.macosx_11.1.0.201909161352/tools/bin/../lib/gcc/arm-none-eabi/8.3.1/../../../../arm-none-eabi/lib/thumb/v6-m/nofp/libcr_c.a(__init_alloc.o)
 .comment       0x0000000000000076       0x77 /Applications/MCUXpressoIDE_11.1.0_3209/ide/plugins/com.nxp.mcuxpresso.tools.macosx_11.1.0.201909161352/tools/bin/../lib/gcc/arm-none-eabi/8.3.1/../../../../arm-none-eabi/lib/thumb/v6-m/nofp/libcr_c.a(_cr_sbrk.o)
 .comment       0x0000000000000076       0x77 /Applications/MCUXpressoIDE_11.1.0_3209/ide/plugins/com.nxp.mcuxpresso.tools.macosx_11.1.0.201909161352/tools/bin/../lib/gcc/arm-none-eabi/8.3.1/../../../../arm-none-eabi/lib/thumb/v6-m/nofp/libcr_c.a(_fdopen.o)
 .comment       0x0000000000000076       0x77 /Applications/MCUXpressoIDE_11.1.0_3209/ide/plugins/com.nxp.mcuxpresso.tools.macosx_11.1.0.201909161352/tools/bin/../lib/gcc/arm-none-eabi/8.3.1/../../../../arm-none-eabi/lib/thumb/v6-m/nofp/libcr_c.a(errno.o)
 .comment       0x0000000000000076       0x77 /Applications/MCUXpressoIDE_11.1.0_3209/ide/plugins/com.nxp.mcuxpresso.tools.macosx_11.1.0.201909161352/tools/bin/../lib/gcc/arm-none-eabi/8.3.1/../../../../arm-none-eabi/lib/thumb/v6-m/nofp/libcr_c.a(fclose.o)
 .comment       0x0000000000000076       0x77 /Applications/MCUXpressoIDE_11.1.0_3209/ide/plugins/com.nxp.mcuxpresso.tools.macosx_11.1.0.201909161352/tools/bin/../lib/gcc/arm-none-eabi/8.3.1/../../../../arm-none-eabi/lib/thumb/v6-m/nofp/libcr_c.a(fflush.o)
 .comment       0x0000000000000076       0x77 /Applications/MCUXpressoIDE_11.1.0_3209/ide/plugins/com.nxp.mcuxpresso.tools.macosx_11.1.0.201909161352/tools/bin/../lib/gcc/arm-none-eabi/8.3.1/../../../../arm-none-eabi/lib/thumb/v6-m/nofp/libcr_c.a(remove.o)
 .comment       0x0000000000000076       0x77 /Applications/MCUXpressoIDE_11.1.0_3209/ide/plugins/com.nxp.mcuxpresso.tools.macosx_11.1.0.201909161352/tools/bin/../lib/gcc/arm-none-eabi/8.3.1/../../../../arm-none-eabi/lib/thumb/v6-m/nofp/libcr_c.a(_cr_check_heap.o)
 .comment       0x0000000000000076       0x77 /Applications/MCUXpressoIDE_11.1.0_3209/ide/plugins/com.nxp.mcuxpresso.tools.macosx_11.1.0.201909161352/tools/bin/../lib/gcc/arm-none-eabi/8.3.1/../../../../arm-none-eabi/lib/thumb/v6-m/nofp/libcr_c.a(_do_fflush.o)
 .comment       0x0000000000000076       0x77 /Applications/MCUXpressoIDE_11.1.0_3209/ide/plugins/com.nxp.mcuxpresso.tools.macosx_11.1.0.201909161352/tools/bin/../lib/gcc/arm-none-eabi/8.3.1/thumb/v6-m/nofp/libcr_eabihelpers.a(double.o)
 .comment       0x0000000000000076       0x77 /Applications/MCUXpressoIDE_11.1.0_3209/ide/plugins/com.nxp.mcuxpresso.tools.macosx_11.1.0.201909161352/tools/bin/../lib/gcc/arm-none-eabi/8.3.1/thumb/v6-m/nofp/libcr_eabihelpers.a(float.o)

.ARM.attributes
                0x0000000000000000       0x2a
 .ARM.attributes
                0x0000000000000000       0x2c ./startup/startup_lpc802.o
 .ARM.attributes
                0x000000000000002c       0x2c ./source/EECS3215_Project.o
 .ARM.attributes
                0x0000000000000058       0x2c ./source/PIDController.o
 .ARM.attributes
                0x0000000000000084       0x2c ./source/semihost_hardfault.o
 .ARM.attributes
                0x00000000000000b0       0x2c ./drivers/fsl_clock.o
 .ARM.attributes
                0x00000000000000dc       0x2c ./drivers/fsl_usart.o
 .ARM.attributes
                0x0000000000000108       0x2c ./device/system_LPC802.o
 .ARM.attributes
                0x0000000000000134       0x2c ./board/clock_config.o
 .ARM.attributes
                0x0000000000000160       0x2c /Applications/MCUXpressoIDE_11.1.0_3209/ide/plugins/com.nxp.mcuxpresso.tools.macosx_11.1.0.201909161352/tools/bin/../lib/gcc/arm-none-eabi/8.3.1/../../../../arm-none-eabi/lib/thumb/v6-m/nofp/libcr_semihost.a(_cr__main.o)
 .ARM.attributes
                0x000000000000018c       0x2c /Applications/MCUXpressoIDE_11.1.0_3209/ide/plugins/com.nxp.mcuxpresso.tools.macosx_11.1.0.201909161352/tools/bin/../lib/gcc/arm-none-eabi/8.3.1/../../../../arm-none-eabi/lib/thumb/v6-m/nofp/libcr_semihost.a(_cr_assert.o)
 .ARM.attributes
                0x00000000000001b8       0x31 /Applications/MCUXpressoIDE_11.1.0_3209/ide/plugins/com.nxp.mcuxpresso.tools.macosx_11.1.0.201909161352/tools/bin/../lib/gcc/arm-none-eabi/8.3.1/../../../../arm-none-eabi/lib/thumb/v6-m/nofp/libcr_semihost.a(__ciob.o)
 .ARM.attributes
                0x00000000000001e9       0x1c /Applications/MCUXpressoIDE_11.1.0_3209/ide/plugins/com.nxp.mcuxpresso.tools.macosx_11.1.0.201909161352/tools/bin/../lib/gcc/arm-none-eabi/8.3.1/../../../../arm-none-eabi/lib/thumb/v6-m/nofp/libcr_semihost.a(__sys_appexit.o)
 .ARM.attributes
                0x0000000000000205       0x2c /Applications/MCUXpressoIDE_11.1.0_3209/ide/plugins/com.nxp.mcuxpresso.tools.macosx_11.1.0.201909161352/tools/bin/../lib/gcc/arm-none-eabi/8.3.1/../../../../arm-none-eabi/lib/thumb/v6-m/nofp/libcr_c.a(memcpy.o)
 .ARM.attributes
                0x0000000000000231       0x2c /Applications/MCUXpressoIDE_11.1.0_3209/ide/plugins/com.nxp.mcuxpresso.tools.macosx_11.1.0.201909161352/tools/bin/../lib/gcc/arm-none-eabi/8.3.1/../../../../arm-none-eabi/lib/thumb/v6-m/nofp/libcr_c.a(memset.o)
 .ARM.attributes
                0x000000000000025d       0x2c /Applications/MCUXpressoIDE_11.1.0_3209/ide/plugins/com.nxp.mcuxpresso.tools.macosx_11.1.0.201909161352/tools/bin/../lib/gcc/arm-none-eabi/8.3.1/../../../../arm-none-eabi/lib/thumb/v6-m/nofp/libcr_c.a(_deferredlazyseek.o)
 .ARM.attributes
                0x0000000000000289       0x2c /Applications/MCUXpressoIDE_11.1.0_3209/ide/plugins/com.nxp.mcuxpresso.tools.macosx_11.1.0.201909161352/tools/bin/../lib/gcc/arm-none-eabi/8.3.1/../../../../arm-none-eabi/lib/thumb/v6-m/nofp/libcr_c.a(_fflush.o)
 .ARM.attributes
                0x00000000000002b5       0x2c /Applications/MCUXpressoIDE_11.1.0_3209/ide/plugins/com.nxp.mcuxpresso.tools.macosx_11.1.0.201909161352/tools/bin/../lib/gcc/arm-none-eabi/8.3.1/../../../../arm-none-eabi/lib/thumb/v6-m/nofp/libcr_c.a(_writebuf.o)
 .ARM.attributes
                0x00000000000002e1       0x2c /Applications/MCUXpressoIDE_11.1.0_3209/ide/plugins/com.nxp.mcuxpresso.tools.macosx_11.1.0.201909161352/tools/bin/../lib/gcc/arm-none-eabi/8.3.1/../../../../arm-none-eabi/lib/thumb/v6-m/nofp/libcr_c.a(alloc.o)
 .ARM.attributes
                0x000000000000030d       0x2c /Applications/MCUXpressoIDE_11.1.0_3209/ide/plugins/com.nxp.mcuxpresso.tools.macosx_11.1.0.201909161352/tools/bin/../lib/gcc/arm-none-eabi/8.3.1/../../../../arm-none-eabi/lib/thumb/v6-m/nofp/libcr_c.a(fputs.o)
 .ARM.attributes
                0x0000000000000339       0x2c /Applications/MCUXpressoIDE_11.1.0_3209/ide/plugins/com.nxp.mcuxpresso.tools.macosx_11.1.0.201909161352/tools/bin/../lib/gcc/arm-none-eabi/8.3.1/../../../../arm-none-eabi/lib/thumb/v6-m/nofp/libcr_c.a(fseek.o)
 .ARM.attributes
                0x0000000000000365       0x2c /Applications/MCUXpressoIDE_11.1.0_3209/ide/plugins/com.nxp.mcuxpresso.tools.macosx_11.1.0.201909161352/tools/bin/../lib/gcc/arm-none-eabi/8.3.1/../../../../arm-none-eabi/lib/thumb/v6-m/nofp/libcr_c.a(ftell.o)
 .ARM.attributes
                0x0000000000000391       0x2c /Applications/MCUXpressoIDE_11.1.0_3209/ide/plugins/com.nxp.mcuxpresso.tools.macosx_11.1.0.201909161352/tools/bin/../lib/gcc/arm-none-eabi/8.3.1/../../../../arm-none-eabi/lib/thumb/v6-m/nofp/libcr_c.a(initio.o)
 .ARM.attributes
                0x00000000000003bd       0x2c /Applications/MCUXpressoIDE_11.1.0_3209/ide/plugins/com.nxp.mcuxpresso.tools.macosx_11.1.0.201909161352/tools/bin/../lib/gcc/arm-none-eabi/8.3.1/../../../../arm-none-eabi/lib/thumb/v6-m/nofp/libcr_c.a(setvbuf.o)
 .ARM.attributes
                0x00000000000003e9       0x2c /Applications/MCUXpressoIDE_11.1.0_3209/ide/plugins/com.nxp.mcuxpresso.tools.macosx_11.1.0.201909161352/tools/bin/../lib/gcc/arm-none-eabi/8.3.1/../../../../arm-none-eabi/lib/thumb/v6-m/nofp/libcr_c.a(stdlib.o)
 .ARM.attributes
                0x0000000000000415       0x2c /Applications/MCUXpressoIDE_11.1.0_3209/ide/plugins/com.nxp.mcuxpresso.tools.macosx_11.1.0.201909161352/tools/bin/../lib/gcc/arm-none-eabi/8.3.1/../../../../arm-none-eabi/lib/thumb/v6-m/nofp/libcr_c.a(strlen.o)
 .ARM.attributes
                0x0000000000000441       0x2c /Applications/MCUXpressoIDE_11.1.0_3209/ide/plugins/com.nxp.mcuxpresso.tools.macosx_11.1.0.201909161352/tools/bin/../lib/gcc/arm-none-eabi/8.3.1/../../../../arm-none-eabi/lib/thumb/v6-m/nofp/libcr_c.a(__init_alloc.o)
 .ARM.attributes
                0x000000000000046d       0x2c /Applications/MCUXpressoIDE_11.1.0_3209/ide/plugins/com.nxp.mcuxpresso.tools.macosx_11.1.0.201909161352/tools/bin/../lib/gcc/arm-none-eabi/8.3.1/../../../../arm-none-eabi/lib/thumb/v6-m/nofp/libcr_c.a(_cr_sbrk.o)
 .ARM.attributes
                0x0000000000000499       0x2c /Applications/MCUXpressoIDE_11.1.0_3209/ide/plugins/com.nxp.mcuxpresso.tools.macosx_11.1.0.201909161352/tools/bin/../lib/gcc/arm-none-eabi/8.3.1/../../../../arm-none-eabi/lib/thumb/v6-m/nofp/libcr_c.a(_fdopen.o)
 .ARM.attributes
                0x00000000000004c5       0x31 /Applications/MCUXpressoIDE_11.1.0_3209/ide/plugins/com.nxp.mcuxpresso.tools.macosx_11.1.0.201909161352/tools/bin/../lib/gcc/arm-none-eabi/8.3.1/../../../../arm-none-eabi/lib/thumb/v6-m/nofp/libcr_c.a(errno.o)
 .ARM.attributes
                0x00000000000004f6       0x2c /Applications/MCUXpressoIDE_11.1.0_3209/ide/plugins/com.nxp.mcuxpresso.tools.macosx_11.1.0.201909161352/tools/bin/../lib/gcc/arm-none-eabi/8.3.1/../../../../arm-none-eabi/lib/thumb/v6-m/nofp/libcr_c.a(fclose.o)
 .ARM.attributes
                0x0000000000000522       0x2c /Applications/MCUXpressoIDE_11.1.0_3209/ide/plugins/com.nxp.mcuxpresso.tools.macosx_11.1.0.201909161352/tools/bin/../lib/gcc/arm-none-eabi/8.3.1/../../../../arm-none-eabi/lib/thumb/v6-m/nofp/libcr_c.a(fflush.o)
 .ARM.attributes
                0x000000000000054e       0x2c /Applications/MCUXpressoIDE_11.1.0_3209/ide/plugins/com.nxp.mcuxpresso.tools.macosx_11.1.0.201909161352/tools/bin/../lib/gcc/arm-none-eabi/8.3.1/../../../../arm-none-eabi/lib/thumb/v6-m/nofp/libcr_c.a(remove.o)
 .ARM.attributes
                0x000000000000057a       0x2c /Applications/MCUXpressoIDE_11.1.0_3209/ide/plugins/com.nxp.mcuxpresso.tools.macosx_11.1.0.201909161352/tools/bin/../lib/gcc/arm-none-eabi/8.3.1/../../../../arm-none-eabi/lib/thumb/v6-m/nofp/libcr_c.a(_cr_check_heap.o)
 .ARM.attributes
                0x00000000000005a6       0x2c /Applications/MCUXpressoIDE_11.1.0_3209/ide/plugins/com.nxp.mcuxpresso.tools.macosx_11.1.0.201909161352/tools/bin/../lib/gcc/arm-none-eabi/8.3.1/../../../../arm-none-eabi/lib/thumb/v6-m/nofp/libcr_c.a(_do_fflush.o)
 .ARM.attributes
                0x00000000000005d2       0x1c /Applications/MCUXpressoIDE_11.1.0_3209/ide/plugins/com.nxp.mcuxpresso.tools.macosx_11.1.0.201909161352/tools/bin/../lib/gcc/arm-none-eabi/8.3.1/thumb/v6-m/nofp/libcr_eabihelpers.a(division_32.o)
 .ARM.attributes
                0x00000000000005ee       0x1c /Applications/MCUXpressoIDE_11.1.0_3209/ide/plugins/com.nxp.mcuxpresso.tools.macosx_11.1.0.201909161352/tools/bin/../lib/gcc/arm-none-eabi/8.3.1/thumb/v6-m/nofp/libcr_eabihelpers.a(division_idiv0.o)
 .ARM.attributes
                0x000000000000060a       0x2c /Applications/MCUXpressoIDE_11.1.0_3209/ide/plugins/com.nxp.mcuxpresso.tools.macosx_11.1.0.201909161352/tools/bin/../lib/gcc/arm-none-eabi/8.3.1/thumb/v6-m/nofp/libcr_eabihelpers.a(double.o)
 .ARM.attributes
                0x0000000000000636       0x2c /Applications/MCUXpressoIDE_11.1.0_3209/ide/plugins/com.nxp.mcuxpresso.tools.macosx_11.1.0.201909161352/tools/bin/../lib/gcc/arm-none-eabi/8.3.1/thumb/v6-m/nofp/libcr_eabihelpers.a(float.o)
 .ARM.attributes
                0x0000000000000662       0x1c /Applications/MCUXpressoIDE_11.1.0_3209/ide/plugins/com.nxp.mcuxpresso.tools.macosx_11.1.0.201909161352/tools/bin/../lib/gcc/arm-none-eabi/8.3.1/thumb/v6-m/nofp/libcr_eabihelpers.a(llong.o)
 .ARM.attributes
                0x000000000000067e       0x1c /Applications/MCUXpressoIDE_11.1.0_3209/ide/plugins/com.nxp.mcuxpresso.tools.macosx_11.1.0.201909161352/tools/bin/../lib/gcc/arm-none-eabi/8.3.1/thumb/v6-m/nofp/libcr_eabihelpers.a(memcpy.o)
 .ARM.attributes
                0x000000000000069a       0x1c /Applications/MCUXpressoIDE_11.1.0_3209/ide/plugins/com.nxp.mcuxpresso.tools.macosx_11.1.0.201909161352/tools/bin/../lib/gcc/arm-none-eabi/8.3.1/../../../../arm-none-eabi/lib/thumb/v6-m/nofp/libcr_semihost.a(__sys_close.o)
 .ARM.attributes
                0x00000000000006b6       0x1c /Applications/MCUXpressoIDE_11.1.0_3209/ide/plugins/com.nxp.mcuxpresso.tools.macosx_11.1.0.201909161352/tools/bin/../lib/gcc/arm-none-eabi/8.3.1/../../../../arm-none-eabi/lib/thumb/v6-m/nofp/libcr_semihost.a(__sys_flen.o)
 .ARM.attributes
                0x00000000000006d2       0x1c /Applications/MCUXpressoIDE_11.1.0_3209/ide/plugins/com.nxp.mcuxpresso.tools.macosx_11.1.0.201909161352/tools/bin/../lib/gcc/arm-none-eabi/8.3.1/../../../../arm-none-eabi/lib/thumb/v6-m/nofp/libcr_semihost.a(__sys_istty.o)
 .ARM.attributes
                0x00000000000006ee       0x1c /Applications/MCUXpressoIDE_11.1.0_3209/ide/plugins/com.nxp.mcuxpresso.tools.macosx_11.1.0.201909161352/tools/bin/../lib/gcc/arm-none-eabi/8.3.1/../../../../arm-none-eabi/lib/thumb/v6-m/nofp/libcr_semihost.a(__sys_remove.o)
 .ARM.attributes
                0x000000000000070a       0x1c /Applications/MCUXpressoIDE_11.1.0_3209/ide/plugins/com.nxp.mcuxpresso.tools.macosx_11.1.0.201909161352/tools/bin/../lib/gcc/arm-none-eabi/8.3.1/../../../../arm-none-eabi/lib/thumb/v6-m/nofp/libcr_semihost.a(__sys_seek.o)
 .ARM.attributes
                0x0000000000000726       0x1c /Applications/MCUXpressoIDE_11.1.0_3209/ide/plugins/com.nxp.mcuxpresso.tools.macosx_11.1.0.201909161352/tools/bin/../lib/gcc/arm-none-eabi/8.3.1/../../../../arm-none-eabi/lib/thumb/v6-m/nofp/libcr_semihost.a(__sys_tmpnam.o)
 .ARM.attributes
                0x0000000000000742       0x1c /Applications/MCUXpressoIDE_11.1.0_3209/ide/plugins/com.nxp.mcuxpresso.tools.macosx_11.1.0.201909161352/tools/bin/../lib/gcc/arm-none-eabi/8.3.1/../../../../arm-none-eabi/lib/thumb/v6-m/nofp/libcr_semihost.a(__sys_write.o)

.debug_frame    0x0000000000000000      0xd90
 .debug_frame   0x0000000000000000      0x3b0 ./startup/startup_lpc802.o
 .debug_frame   0x00000000000003b0      0x23c ./source/EECS3215_Project.o
 .debug_frame   0x00000000000005ec       0x50 ./source/PIDController.o
 .debug_frame   0x000000000000063c       0x20 ./source/semihost_hardfault.o
 .debug_frame   0x000000000000065c      0x208 ./drivers/fsl_clock.o
 .debug_frame   0x0000000000000864      0x3e8 ./drivers/fsl_usart.o
 .debug_frame   0x0000000000000c4c       0x64 ./device/system_LPC802.o
 .debug_frame   0x0000000000000cb0       0xe0 ./board/clock_config.o

Cross Reference Table

Symbol                                            File
ADC0_OVR_DriverIRQHandler                         ./startup/startup_lpc802.o
ADC0_OVR_IRQHandler                               ./startup/startup_lpc802.o
ADC0_SEQA_DriverIRQHandler                        ./startup/startup_lpc802.o
ADC0_SEQA_IRQHandler                              ./startup/startup_lpc802.o
ADC0_SEQB_DriverIRQHandler                        ./startup/startup_lpc802.o
ADC0_SEQB_IRQHandler                              ./startup/startup_lpc802.o
ADC0_THCMP_DriverIRQHandler                       ./startup/startup_lpc802.o
ADC0_THCMP_IRQHandler                             ./startup/startup_lpc802.o
ALL_DIGITS                                        ./source/EECS3215_Project.o
ALL_SEGMENTS                                      ./source/EECS3215_Project.o
BOARD_BootClockFRO18M                             ./board/clock_config.o
BOARD_BootClockFRO24M                             ./board/clock_config.o
                                                  ./source/EECS3215_Project.o
BOARD_BootClockFRO30M                             ./board/clock_config.o
BOARD_InitBUTTONsPins                             ./board/pin_mux.o
BOARD_InitBootClocks                              ./board/clock_config.o
BOARD_InitBootPeripherals                         ./board/peripherals.o
BOARD_InitBootPins                                ./board/pin_mux.o
BOARD_InitDEBUG_UARTPins                          ./board/pin_mux.o
BOARD_InitDebugConsole                            ./board/board.o
BOARD_InitI2CPins                                 ./board/pin_mux.o
BOARD_InitLEDsPins                                ./board/pin_mux.o
BOARD_InitPins                                    ./board/pin_mux.o
BOARD_InitSWD_DEBUGPins                           ./board/pin_mux.o
BOD_DriverIRQHandler                              ./startup/startup_lpc802.o
BOD_IRQHandler                                    ./startup/startup_lpc802.o
CLOCK_GetClockOutClkFreq                          ./drivers/fsl_clock.o
CLOCK_GetFRGClkFreq                               ./drivers/fsl_clock.o
CLOCK_GetFreq                                     ./drivers/fsl_clock.o
                                                  ./source/EECS3215_Project.o
CLOCK_GetFroFreq                                  ./drivers/fsl_clock.o
CLOCK_GetMainClkFreq                              ./drivers/fsl_clock.o
CLOCK_GetUart0ClkFreq                             ./drivers/fsl_clock.o
CLOCK_GetUart1ClkFreq                             ./drivers/fsl_clock.o
CLOCK_InitExtClkin                                ./drivers/fsl_clock.o
CLOCK_SetFRGClkFreq                               ./drivers/fsl_clock.o
CLOCK_SetFroOscFreq                               ./drivers/fsl_clock.o
                                                  ./board/clock_config.o
CLOCK_SetMainClkSrc                               ./drivers/fsl_clock.o
                                                  ./board/clock_config.o
CMP_DriverIRQHandler                              ./startup/startup_lpc802.o
CMP_IRQHandler                                    ./startup/startup_lpc802.o
CTIMER0_DriverIRQHandler                          ./startup/startup_lpc802.o
CTIMER0_IRQHandler                                ./startup/startup_lpc802.o
DbgConsole_Deinit                                 ./utilities/fsl_debug_console.o
DbgConsole_Init                                   ./utilities/fsl_debug_console.o
DisableDeepSleepIRQ                               ./drivers/fsl_power.o
EnableDeepSleepIRQ                                ./drivers/fsl_power.o
ExtClockIn                                        ./board/board.o
FLASH_DriverIRQHandler                            ./startup/startup_lpc802.o
FLASH_IRQHandler                                  ./startup/startup_lpc802.o
GPIO_PinInit                                      ./drivers/fsl_gpio.o
GPIO_PortInit                                     ./drivers/fsl_gpio.o
HAL_UartDeinit                                    ./component/uart/miniusart_adapter.o
                                                  ./utilities/fsl_debug_console.o
HAL_UartEnterLowpower                             ./component/uart/miniusart_adapter.o
HAL_UartExitLowpower                              ./component/uart/miniusart_adapter.o
HAL_UartInit                                      ./component/uart/miniusart_adapter.o
                                                  ./utilities/fsl_debug_console.o
HAL_UartReceiveBlocking                           ./component/uart/miniusart_adapter.o
                                                  ./utilities/fsl_debug_console.o
HAL_UartSendBlocking                              ./component/uart/miniusart_adapter.o
                                                  ./utilities/fsl_debug_console.o
HardFault_Handler                                 ./source/semihost_hardfault.o
                                                  ./startup/startup_lpc802.o
I2C0_DriverIRQHandler                             ./startup/startup_lpc802.o
I2C0_IRQHandler                                   ./startup/startup_lpc802.o
IntDefaultHandler                                 ./startup/startup_lpc802.o
MRT0_DriverIRQHandler                             ./startup/startup_lpc802.o
MRT0_IRQHandler                                   ./startup/startup_lpc802.o
NMI_Handler                                       ./startup/startup_lpc802.o
PIN_INT0_DriverIRQHandler                         ./startup/startup_lpc802.o
PIN_INT0_IRQHandler                               ./source/EECS3215_Project.o
                                                  ./startup/startup_lpc802.o
PIN_INT1_DriverIRQHandler                         ./startup/startup_lpc802.o
PIN_INT1_IRQHandler                               ./startup/startup_lpc802.o
PIN_INT2_DriverIRQHandler                         ./startup/startup_lpc802.o
PIN_INT2_IRQHandler                               ./startup/startup_lpc802.o
PIN_INT3_DriverIRQHandler                         ./startup/startup_lpc802.o
PIN_INT3_IRQHandler                               ./startup/startup_lpc802.o
PIN_INT4_DriverIRQHandler                         ./startup/startup_lpc802.o
PIN_INT4_IRQHandler                               ./startup/startup_lpc802.o
PIN_INT5_DriverIRQHandler                         ./startup/startup_lpc802.o
PIN_INT5_IRQHandler                               ./startup/startup_lpc802.o
PIN_INT6_DriverIRQHandler                         ./startup/startup_lpc802.o
PIN_INT6_IRQHandler                               ./startup/startup_lpc802.o
PIN_INT7_DriverIRQHandler                         ./startup/startup_lpc802.o
PIN_INT7_IRQHandler                               ./startup/startup_lpc802.o
POWER_EnterDeepPowerDownMode                      ./drivers/fsl_power.o
POWER_EnterDeepSleep                              ./drivers/fsl_power.o
POWER_EnterPowerDown                              ./drivers/fsl_power.o
POWER_EnterSleep                                  ./drivers/fsl_power.o
PendSV_Handler                                    ./startup/startup_lpc802.o
RESET_PeripheralReset                             ./drivers/fsl_reset.o
                                                  ./drivers/fsl_usart.o
                                                  ./drivers/fsl_gpio.o
Reserved17_DriverIRQHandler                       ./startup/startup_lpc802.o
Reserved17_IRQHandler                             ./startup/startup_lpc802.o
Reserved18_DriverIRQHandler                       ./startup/startup_lpc802.o
Reserved18_IRQHandler                             ./startup/startup_lpc802.o
Reserved21_DriverIRQHandler                       ./startup/startup_lpc802.o
Reserved21_IRQHandler                             ./startup/startup_lpc802.o
Reserved22_DriverIRQHandler                       ./startup/startup_lpc802.o
Reserved22_IRQHandler                             ./startup/startup_lpc802.o
Reserved23_DriverIRQHandler                       ./startup/startup_lpc802.o
Reserved23_IRQHandler                             ./startup/startup_lpc802.o
Reserved25_DriverIRQHandler                       ./startup/startup_lpc802.o
Reserved25_IRQHandler                             ./startup/startup_lpc802.o
Reserved36_DriverIRQHandler                       ./startup/startup_lpc802.o
Reserved36_IRQHandler                             ./startup/startup_lpc802.o
Reserved37_DriverIRQHandler                       ./startup/startup_lpc802.o
Reserved37_IRQHandler                             ./startup/startup_lpc802.o
Reserved38_DriverIRQHandler                       ./startup/startup_lpc802.o
Reserved38_IRQHandler                             ./startup/startup_lpc802.o
ResetISR                                          ./startup/startup_lpc802.o
SDK_DelayAtLeastUs                                ./drivers/fsl_common.o
SDK_Free                                          ./drivers/fsl_common.o
SDK_Malloc                                        ./drivers/fsl_common.o
SPI0_DriverIRQHandler                             ./startup/startup_lpc802.o
SPI0_IRQHandler                                   ./startup/startup_lpc802.o
SVC_Handler                                       ./startup/startup_lpc802.o
SWM_SetFixedPinSelect                             ./drivers/fsl_swm.o
                                                  ./board/pin_mux.o
SWM_SetMovablePinSelect                           ./drivers/fsl_swm.o
                                                  ./board/pin_mux.o
SysTick_Cfg                                       ./source/EECS3215_Project.o
SysTick_Handler                                   ./source/EECS3215_Project.o
                                                  ./startup/startup_lpc802.o
SystemCoreClock                                   ./device/system_LPC802.o
                                                  ./board/clock_config.o
SystemCoreClockUpdate                             ./device/system_LPC802.o
SystemInit                                        ./device/system_LPC802.o
                                                  ./startup/startup_lpc802.o
SystemInitHook                                    ./device/system_LPC802.o
USART0_DriverIRQHandler                           ./drivers/fsl_usart.o
                                                  ./startup/startup_lpc802.o
USART0_IRQHandler                                 ./startup/startup_lpc802.o
USART1_DriverIRQHandler                           ./drivers/fsl_usart.o
                                                  ./startup/startup_lpc802.o
USART1_IRQHandler                                 ./startup/startup_lpc802.o
USART_Deinit                                      ./drivers/fsl_usart.o
                                                  ./component/uart/miniusart_adapter.o
USART_GetDefaultConfig                            ./drivers/fsl_usart.o
                                                  ./component/uart/miniusart_adapter.o
                                                  ./source/EECS3215_Project.o
USART_GetInstance                                 ./drivers/fsl_usart.o
USART_Init                                        ./drivers/fsl_usart.o
                                                  ./component/uart/miniusart_adapter.o
                                                  ./source/EECS3215_Project.o
USART_ReadBlocking                                ./drivers/fsl_usart.o
                                                  ./component/uart/miniusart_adapter.o
USART_SetBaudRate                                 ./drivers/fsl_usart.o
USART_TransferAbortReceive                        ./drivers/fsl_usart.o
USART_TransferAbortSend                           ./drivers/fsl_usart.o
USART_TransferCreateHandle                        ./drivers/fsl_usart.o
USART_TransferGetReceiveCount                     ./drivers/fsl_usart.o
USART_TransferGetRxRingBufferLength               ./drivers/fsl_usart.o
USART_TransferGetSendCount                        ./drivers/fsl_usart.o
USART_TransferHandleIRQ                           ./drivers/fsl_usart.o
USART_TransferReceiveNonBlocking                  ./drivers/fsl_usart.o
USART_TransferSendNonBlocking                     ./drivers/fsl_usart.o
USART_TransferStartRingBuffer                     ./drivers/fsl_usart.o
USART_TransferStopRingBuffer                      ./drivers/fsl_usart.o
USART_WriteBlocking                               ./drivers/fsl_usart.o
                                                  ./component/uart/miniusart_adapter.o
WDT_DriverIRQHandler                              ./startup/startup_lpc802.o
WDT_IRQHandler                                    ./startup/startup_lpc802.o
WKT_DriverIRQHandler                              ./startup/startup_lpc802.o
WKT_IRQHandler                                    ./startup/startup_lpc802.o
_Csys_alloc                                       /Applications/MCUXpressoIDE_11.1.0_3209/ide/plugins/com.nxp.mcuxpresso.tools.macosx_11.1.0.201909161352/tools/bin/../lib/gcc/arm-none-eabi/8.3.1/../../../../arm-none-eabi/lib/thumb/v6-m/nofp/libcr_c.a(alloc.o)
                                                  /Applications/MCUXpressoIDE_11.1.0_3209/ide/plugins/com.nxp.mcuxpresso.tools.macosx_11.1.0.201909161352/tools/bin/../lib/gcc/arm-none-eabi/8.3.1/../../../../arm-none-eabi/lib/thumb/v6-m/nofp/libcr_c.a(_deferredlazyseek.o)
_Cwritebuf                                        /Applications/MCUXpressoIDE_11.1.0_3209/ide/plugins/com.nxp.mcuxpresso.tools.macosx_11.1.0.201909161352/tools/bin/../lib/gcc/arm-none-eabi/8.3.1/../../../../arm-none-eabi/lib/thumb/v6-m/nofp/libcr_c.a(_writebuf.o)
                                                  /Applications/MCUXpressoIDE_11.1.0_3209/ide/plugins/com.nxp.mcuxpresso.tools.macosx_11.1.0.201909161352/tools/bin/../lib/gcc/arm-none-eabi/8.3.1/../../../../arm-none-eabi/lib/thumb/v6-m/nofp/libcr_c.a(_fflush.o)
                                                  /Applications/MCUXpressoIDE_11.1.0_3209/ide/plugins/com.nxp.mcuxpresso.tools.macosx_11.1.0.201909161352/tools/bin/../lib/gcc/arm-none-eabi/8.3.1/../../../../arm-none-eabi/lib/thumb/v6-m/nofp/libcr_c.a(_deferredlazyseek.o)
__CR_SEMIHOST                                     /Applications/MCUXpressoIDE_11.1.0_3209/ide/plugins/com.nxp.mcuxpresso.tools.macosx_11.1.0.201909161352/tools/bin/../lib/gcc/arm-none-eabi/8.3.1/../../../../arm-none-eabi/lib/thumb/v6-m/nofp/libcr_semihost.a(_cr__main.o)
__Ciob                                            /Applications/MCUXpressoIDE_11.1.0_3209/ide/plugins/com.nxp.mcuxpresso.tools.macosx_11.1.0.201909161352/tools/bin/../lib/gcc/arm-none-eabi/8.3.1/../../../../arm-none-eabi/lib/thumb/v6-m/nofp/libcr_semihost.a(__ciob.o)
                                                  /Applications/MCUXpressoIDE_11.1.0_3209/ide/plugins/com.nxp.mcuxpresso.tools.macosx_11.1.0.201909161352/tools/bin/../lib/gcc/arm-none-eabi/8.3.1/../../../../arm-none-eabi/lib/thumb/v6-m/nofp/libcr_c.a(fflush.o)
                                                  /Applications/MCUXpressoIDE_11.1.0_3209/ide/plugins/com.nxp.mcuxpresso.tools.macosx_11.1.0.201909161352/tools/bin/../lib/gcc/arm-none-eabi/8.3.1/../../../../arm-none-eabi/lib/thumb/v6-m/nofp/libcr_c.a(printf.o)
                                                  /Applications/MCUXpressoIDE_11.1.0_3209/ide/plugins/com.nxp.mcuxpresso.tools.macosx_11.1.0.201909161352/tools/bin/../lib/gcc/arm-none-eabi/8.3.1/../../../../arm-none-eabi/lib/thumb/v6-m/nofp/libcr_c.a(initio.o)
                                                  /Applications/MCUXpressoIDE_11.1.0_3209/ide/plugins/com.nxp.mcuxpresso.tools.macosx_11.1.0.201909161352/tools/bin/../lib/gcc/arm-none-eabi/8.3.1/../../../../arm-none-eabi/lib/thumb/v6-m/nofp/libcr_semihost.a(_cr_assert.o)
__Vectors                                         ./startup/startup_lpc802.o
__aeabi_cdcmpeq                                   /Applications/MCUXpressoIDE_11.1.0_3209/ide/plugins/com.nxp.mcuxpresso.tools.macosx_11.1.0.201909161352/tools/bin/../lib/gcc/arm-none-eabi/8.3.1/thumb/v6-m/nofp/libcr_eabihelpers.a(double.o)
__aeabi_cdcmple                                   /Applications/MCUXpressoIDE_11.1.0_3209/ide/plugins/com.nxp.mcuxpresso.tools.macosx_11.1.0.201909161352/tools/bin/../lib/gcc/arm-none-eabi/8.3.1/thumb/v6-m/nofp/libcr_eabihelpers.a(double.o)
__aeabi_cdrcmple                                  /Applications/MCUXpressoIDE_11.1.0_3209/ide/plugins/com.nxp.mcuxpresso.tools.macosx_11.1.0.201909161352/tools/bin/../lib/gcc/arm-none-eabi/8.3.1/thumb/v6-m/nofp/libcr_eabihelpers.a(double.o)
__aeabi_cfcmpeq                                   /Applications/MCUXpressoIDE_11.1.0_3209/ide/plugins/com.nxp.mcuxpresso.tools.macosx_11.1.0.201909161352/tools/bin/../lib/gcc/arm-none-eabi/8.3.1/thumb/v6-m/nofp/libcr_eabihelpers.a(float.o)
__aeabi_cfcmple                                   /Applications/MCUXpressoIDE_11.1.0_3209/ide/plugins/com.nxp.mcuxpresso.tools.macosx_11.1.0.201909161352/tools/bin/../lib/gcc/arm-none-eabi/8.3.1/thumb/v6-m/nofp/libcr_eabihelpers.a(float.o)
__aeabi_cfrcmple                                  /Applications/MCUXpressoIDE_11.1.0_3209/ide/plugins/com.nxp.mcuxpresso.tools.macosx_11.1.0.201909161352/tools/bin/../lib/gcc/arm-none-eabi/8.3.1/thumb/v6-m/nofp/libcr_eabihelpers.a(float.o)
__aeabi_d2f                                       /Applications/MCUXpressoIDE_11.1.0_3209/ide/plugins/com.nxp.mcuxpresso.tools.macosx_11.1.0.201909161352/tools/bin/../lib/gcc/arm-none-eabi/8.3.1/thumb/v6-m/nofp/libcr_eabihelpers.a(double.o)
                                                  ./source/EECS3215_Project.o
__aeabi_d2iz                                      /Applications/MCUXpressoIDE_11.1.0_3209/ide/plugins/com.nxp.mcuxpresso.tools.macosx_11.1.0.201909161352/tools/bin/../lib/gcc/arm-none-eabi/8.3.1/thumb/v6-m/nofp/libcr_eabihelpers.a(double.o)
                                                  ./source/EECS3215_Project.o
__aeabi_d2lz                                      /Applications/MCUXpressoIDE_11.1.0_3209/ide/plugins/com.nxp.mcuxpresso.tools.macosx_11.1.0.201909161352/tools/bin/../lib/gcc/arm-none-eabi/8.3.1/thumb/v6-m/nofp/libcr_eabihelpers.a(double.o)
__aeabi_d2uiz                                     /Applications/MCUXpressoIDE_11.1.0_3209/ide/plugins/com.nxp.mcuxpresso.tools.macosx_11.1.0.201909161352/tools/bin/../lib/gcc/arm-none-eabi/8.3.1/thumb/v6-m/nofp/libcr_eabihelpers.a(double.o)
__aeabi_d2ulz                                     /Applications/MCUXpressoIDE_11.1.0_3209/ide/plugins/com.nxp.mcuxpresso.tools.macosx_11.1.0.201909161352/tools/bin/../lib/gcc/arm-none-eabi/8.3.1/thumb/v6-m/nofp/libcr_eabihelpers.a(double.o)
__aeabi_dadd                                      /Applications/MCUXpressoIDE_11.1.0_3209/ide/plugins/com.nxp.mcuxpresso.tools.macosx_11.1.0.201909161352/tools/bin/../lib/gcc/arm-none-eabi/8.3.1/thumb/v6-m/nofp/libcr_eabihelpers.a(double.o)
                                                  ./source/PIDController.o
                                                  ./source/EECS3215_Project.o
__aeabi_dcmpeq                                    /Applications/MCUXpressoIDE_11.1.0_3209/ide/plugins/com.nxp.mcuxpresso.tools.macosx_11.1.0.201909161352/tools/bin/../lib/gcc/arm-none-eabi/8.3.1/thumb/v6-m/nofp/libcr_eabihelpers.a(double.o)
__aeabi_dcmpge                                    /Applications/MCUXpressoIDE_11.1.0_3209/ide/plugins/com.nxp.mcuxpresso.tools.macosx_11.1.0.201909161352/tools/bin/../lib/gcc/arm-none-eabi/8.3.1/thumb/v6-m/nofp/libcr_eabihelpers.a(double.o)
__aeabi_dcmpgt                                    /Applications/MCUXpressoIDE_11.1.0_3209/ide/plugins/com.nxp.mcuxpresso.tools.macosx_11.1.0.201909161352/tools/bin/../lib/gcc/arm-none-eabi/8.3.1/thumb/v6-m/nofp/libcr_eabihelpers.a(double.o)
                                                  ./source/EECS3215_Project.o
__aeabi_dcmple                                    /Applications/MCUXpressoIDE_11.1.0_3209/ide/plugins/com.nxp.mcuxpresso.tools.macosx_11.1.0.201909161352/tools/bin/../lib/gcc/arm-none-eabi/8.3.1/thumb/v6-m/nofp/libcr_eabihelpers.a(double.o)
__aeabi_dcmplt                                    /Applications/MCUXpressoIDE_11.1.0_3209/ide/plugins/com.nxp.mcuxpresso.tools.macosx_11.1.0.201909161352/tools/bin/../lib/gcc/arm-none-eabi/8.3.1/thumb/v6-m/nofp/libcr_eabihelpers.a(double.o)
                                                  ./source/EECS3215_Project.o
__aeabi_dcmpun                                    /Applications/MCUXpressoIDE_11.1.0_3209/ide/plugins/com.nxp.mcuxpresso.tools.macosx_11.1.0.201909161352/tools/bin/../lib/gcc/arm-none-eabi/8.3.1/thumb/v6-m/nofp/libcr_eabihelpers.a(double.o)
__aeabi_ddiv                                      /Applications/MCUXpressoIDE_11.1.0_3209/ide/plugins/com.nxp.mcuxpresso.tools.macosx_11.1.0.201909161352/tools/bin/../lib/gcc/arm-none-eabi/8.3.1/thumb/v6-m/nofp/libcr_eabihelpers.a(double.o)
                                                  ./source/EECS3215_Project.o
__aeabi_dmul                                      /Applications/MCUXpressoIDE_11.1.0_3209/ide/plugins/com.nxp.mcuxpresso.tools.macosx_11.1.0.201909161352/tools/bin/../lib/gcc/arm-none-eabi/8.3.1/thumb/v6-m/nofp/libcr_eabihelpers.a(double.o)
                                                  ./source/PIDController.o
                                                  ./source/EECS3215_Project.o
__aeabi_dneg                                      /Applications/MCUXpressoIDE_11.1.0_3209/ide/plugins/com.nxp.mcuxpresso.tools.macosx_11.1.0.201909161352/tools/bin/../lib/gcc/arm-none-eabi/8.3.1/thumb/v6-m/nofp/libcr_eabihelpers.a(double.o)
__aeabi_drsub                                     /Applications/MCUXpressoIDE_11.1.0_3209/ide/plugins/com.nxp.mcuxpresso.tools.macosx_11.1.0.201909161352/tools/bin/../lib/gcc/arm-none-eabi/8.3.1/thumb/v6-m/nofp/libcr_eabihelpers.a(double.o)
__aeabi_dsub                                      /Applications/MCUXpressoIDE_11.1.0_3209/ide/plugins/com.nxp.mcuxpresso.tools.macosx_11.1.0.201909161352/tools/bin/../lib/gcc/arm-none-eabi/8.3.1/thumb/v6-m/nofp/libcr_eabihelpers.a(double.o)
                                                  ./source/PIDController.o
__aeabi_f2d                                       /Applications/MCUXpressoIDE_11.1.0_3209/ide/plugins/com.nxp.mcuxpresso.tools.macosx_11.1.0.201909161352/tools/bin/../lib/gcc/arm-none-eabi/8.3.1/thumb/v6-m/nofp/libcr_eabihelpers.a(float.o)
__aeabi_f2iz                                      /Applications/MCUXpressoIDE_11.1.0_3209/ide/plugins/com.nxp.mcuxpresso.tools.macosx_11.1.0.201909161352/tools/bin/../lib/gcc/arm-none-eabi/8.3.1/thumb/v6-m/nofp/libcr_eabihelpers.a(float.o)
__aeabi_f2lz                                      /Applications/MCUXpressoIDE_11.1.0_3209/ide/plugins/com.nxp.mcuxpresso.tools.macosx_11.1.0.201909161352/tools/bin/../lib/gcc/arm-none-eabi/8.3.1/thumb/v6-m/nofp/libcr_eabihelpers.a(float.o)
__aeabi_f2uiz                                     /Applications/MCUXpressoIDE_11.1.0_3209/ide/plugins/com.nxp.mcuxpresso.tools.macosx_11.1.0.201909161352/tools/bin/../lib/gcc/arm-none-eabi/8.3.1/thumb/v6-m/nofp/libcr_eabihelpers.a(float.o)
                                                  ./source/EECS3215_Project.o
__aeabi_f2ulz                                     /Applications/MCUXpressoIDE_11.1.0_3209/ide/plugins/com.nxp.mcuxpresso.tools.macosx_11.1.0.201909161352/tools/bin/../lib/gcc/arm-none-eabi/8.3.1/thumb/v6-m/nofp/libcr_eabihelpers.a(float.o)
__aeabi_fadd                                      /Applications/MCUXpressoIDE_11.1.0_3209/ide/plugins/com.nxp.mcuxpresso.tools.macosx_11.1.0.201909161352/tools/bin/../lib/gcc/arm-none-eabi/8.3.1/thumb/v6-m/nofp/libcr_eabihelpers.a(float.o)
__aeabi_fcmpeq                                    /Applications/MCUXpressoIDE_11.1.0_3209/ide/plugins/com.nxp.mcuxpresso.tools.macosx_11.1.0.201909161352/tools/bin/../lib/gcc/arm-none-eabi/8.3.1/thumb/v6-m/nofp/libcr_eabihelpers.a(float.o)
__aeabi_fcmpge                                    /Applications/MCUXpressoIDE_11.1.0_3209/ide/plugins/com.nxp.mcuxpresso.tools.macosx_11.1.0.201909161352/tools/bin/../lib/gcc/arm-none-eabi/8.3.1/thumb/v6-m/nofp/libcr_eabihelpers.a(float.o)
__aeabi_fcmpgt                                    /Applications/MCUXpressoIDE_11.1.0_3209/ide/plugins/com.nxp.mcuxpresso.tools.macosx_11.1.0.201909161352/tools/bin/../lib/gcc/arm-none-eabi/8.3.1/thumb/v6-m/nofp/libcr_eabihelpers.a(float.o)
__aeabi_fcmple                                    /Applications/MCUXpressoIDE_11.1.0_3209/ide/plugins/com.nxp.mcuxpresso.tools.macosx_11.1.0.201909161352/tools/bin/../lib/gcc/arm-none-eabi/8.3.1/thumb/v6-m/nofp/libcr_eabihelpers.a(float.o)
__aeabi_fcmplt                                    /Applications/MCUXpressoIDE_11.1.0_3209/ide/plugins/com.nxp.mcuxpresso.tools.macosx_11.1.0.201909161352/tools/bin/../lib/gcc/arm-none-eabi/8.3.1/thumb/v6-m/nofp/libcr_eabihelpers.a(float.o)
__aeabi_fcmpun                                    /Applications/MCUXpressoIDE_11.1.0_3209/ide/plugins/com.nxp.mcuxpresso.tools.macosx_11.1.0.201909161352/tools/bin/../lib/gcc/arm-none-eabi/8.3.1/thumb/v6-m/nofp/libcr_eabihelpers.a(float.o)
__aeabi_fdiv                                      /Applications/MCUXpressoIDE_11.1.0_3209/ide/plugins/com.nxp.mcuxpresso.tools.macosx_11.1.0.201909161352/tools/bin/../lib/gcc/arm-none-eabi/8.3.1/thumb/v6-m/nofp/libcr_eabihelpers.a(float.o)