core_cm0plus.h:741:22:__NVIC_EnableIRQ	16	static
core_cm0plus.h:777:22:__NVIC_DisableIRQ	16	static
core_cm0plus.h:848:22:__NVIC_SetPriority	24	static
core_cm0plus.h:1053:26:SysTick_Config	16	static
fsl_clock.h:334:20:CLOCK_Select	16	static
EECS3215_Project.c:105:5:main	96	static
EECS3215_Project.c:155:8:get_feedforward	24	static
EECS3215_Project.c:159:5:get_setpoint	8	static
EECS3215_Project.c:177:6:send_dataUART	16	static
EECS3215_Project.c:191:6:set_output	24	static
EECS3215_Project.c:203:6:set_display	24	static
EECS3215_Project.c:217:6:setup_UART	24	static
EECS3215_Project.c:240:6:setup_PIN_IRQ	8	static
EECS3215_Project.c:259:6:setup_ADC	8	static
EECS3215_Project.c:286:6:setup_PWM	8	static
EECS3215_Project.c:310:6:SysTick_Cfg	8	static
EECS3215_Project.c:325:6:SysTick_Handler	8	static
EECS3215_Project.c:343:6:PIN_INT0_IRQHandler	24	static
