core_cm0plus.h:741:22:__NVIC_EnableIRQ	16	static
core_cm0plus.h:777:22:__NVIC_DisableIRQ	16	static
core_cm0plus.h:848:22:__NVIC_SetPriority	24	static
core_cm0plus.h:1053:26:SysTick_Config	16	static
fsl_clock.h:334:20:CLOCK_Select	16	static
LabH.c:108:5:main	96	static
LabH.c:158:8:get_feedforward	24	static
LabH.c:162:5:get_setpoint	8	static
LabH.c:180:6:send_dataUART	16	static
LabH.c:194:6:set_output	24	static
LabH.c:206:6:set_display	24	static
LabH.c:220:6:setup_UART	24	static
LabH.c:243:6:setup_PIN_IRQ	8	static
LabH.c:262:6:setup_ADC	8	static
LabH.c:289:6:setup_PWM	8	static
LabH.c:313:6:SysTick_Cfg	8	static
LabH.c:328:6:SysTick_Handler	8	static
LabH.c:346:6:PIN_INT0_IRQHandler	24	static
